[2025-04-21 17:43:43] 开始训练
[2025-04-21 17:43:44] Epoch [1/20], Batch [3/125], Loss: 1.4774
[2025-04-21 17:43:45] Epoch [1/20], Batch [6/125], Loss: 1.4945
[2025-04-21 17:43:46] Epoch [1/20], Batch [9/125], Loss: 1.5608
[2025-04-21 17:43:47] Epoch [1/20], Batch [12/125], Loss: 1.5836
[2025-04-21 17:43:47] Epoch [1/20], Batch [15/125], Loss: 1.3711
[2025-04-21 17:43:48] Epoch [1/20], Batch [18/125], Loss: 1.3264
[2025-04-21 17:43:49] Epoch [1/20], Batch [21/125], Loss: 1.3990
[2025-04-21 17:43:50] Epoch [1/20], Batch [24/125], Loss: 1.1143
[2025-04-21 17:43:50] Epoch [1/20], Batch [27/125], Loss: 1.3342
[2025-04-21 17:43:51] Epoch [1/20], Batch [30/125], Loss: 1.4695
[2025-04-21 17:43:52] Epoch [1/20], Batch [33/125], Loss: 1.1667
[2025-04-21 17:43:52] Epoch [1/20], Batch [36/125], Loss: 1.1504
[2025-04-21 17:43:53] Epoch [1/20], Batch [39/125], Loss: 1.1191
[2025-04-21 17:43:54] Epoch [1/20], Batch [42/125], Loss: 1.1639
[2025-04-21 17:43:55] Epoch [1/20], Batch [45/125], Loss: 1.1956
[2025-04-21 17:43:55] Epoch [1/20], Batch [48/125], Loss: 0.9287
[2025-04-21 17:43:56] Epoch [1/20], Batch [51/125], Loss: 1.1219
[2025-04-21 17:43:57] Epoch [1/20], Batch [54/125], Loss: 1.2804
[2025-04-21 17:43:58] Epoch [1/20], Batch [57/125], Loss: 1.0750
[2025-04-21 17:43:58] Epoch [1/20], Batch [60/125], Loss: 1.0901
[2025-04-21 17:43:59] Epoch [1/20], Batch [63/125], Loss: 1.0743
[2025-04-21 17:44:00] Epoch [1/20], Batch [66/125], Loss: 1.1883
[2025-04-21 17:44:00] Epoch [1/20], Batch [69/125], Loss: 1.0030
[2025-04-21 17:44:01] Epoch [1/20], Batch [72/125], Loss: 0.9421
[2025-04-21 17:44:02] Epoch [1/20], Batch [75/125], Loss: 0.9536
[2025-04-21 17:44:03] Epoch [1/20], Batch [78/125], Loss: 0.9658
[2025-04-21 17:44:03] Epoch [1/20], Batch [81/125], Loss: 0.8924
[2025-04-21 17:44:04] Epoch [1/20], Batch [84/125], Loss: 1.1552
[2025-04-21 17:44:05] Epoch [1/20], Batch [87/125], Loss: 1.1366
[2025-04-21 17:44:06] Epoch [1/20], Batch [90/125], Loss: 0.9052
[2025-04-21 17:44:06] Epoch [1/20], Batch [93/125], Loss: 0.8920
[2025-04-21 17:44:07] Epoch [1/20], Batch [96/125], Loss: 1.0021
[2025-04-21 17:44:08] Epoch [1/20], Batch [99/125], Loss: 1.0234
[2025-04-21 17:44:08] Epoch [1/20], Batch [102/125], Loss: 1.1545
[2025-04-21 17:44:09] Epoch [1/20], Batch [105/125], Loss: 0.8225
[2025-04-21 17:44:10] Epoch [1/20], Batch [108/125], Loss: 1.1446
[2025-04-21 17:44:11] Epoch [1/20], Batch [111/125], Loss: 0.9308
[2025-04-21 17:44:11] Epoch [1/20], Batch [114/125], Loss: 0.8291
[2025-04-21 17:44:12] Epoch [1/20], Batch [117/125], Loss: 0.9865
[2025-04-21 17:44:13] Epoch [1/20], Batch [120/125], Loss: 1.1111
[2025-04-21 17:44:14] Epoch [1/20], Batch [123/125], Loss: 1.1979

🎯 Sentiment Classification (情感识别)
Accuracy: 0.757625
Precision: 0.673196153739128
Recall: 0.6598835447852194
F1 Score: 0.6580017050190975
Confusion Matrix:
 [[ 770  402   24]
 [ 708 4716  236]
 [ 107  462  575]]

📚 Topic Classification (主题识别)
Accuracy: 0.000125
Precision: 0.1
Recall: 3.783579265985623e-05
F1 Score: 7.564296520423601e-05
[2025-04-21 17:44:28] Epoch [2/20], Batch [3/125], Loss: 0.9518
[2025-04-21 17:44:28] Epoch [2/20], Batch [6/125], Loss: 0.7714
[2025-04-21 17:44:29] Epoch [2/20], Batch [9/125], Loss: 1.0757
[2025-04-21 17:44:30] Epoch [2/20], Batch [12/125], Loss: 1.0055
[2025-04-21 17:44:31] Epoch [2/20], Batch [15/125], Loss: 0.9409
[2025-04-21 17:44:31] Epoch [2/20], Batch [18/125], Loss: 0.8482
[2025-04-21 17:44:32] Epoch [2/20], Batch [21/125], Loss: 0.8506
[2025-04-21 17:44:33] Epoch [2/20], Batch [24/125], Loss: 1.1256
[2025-04-21 17:44:33] Epoch [2/20], Batch [27/125], Loss: 0.8881
[2025-04-21 17:44:34] Epoch [2/20], Batch [30/125], Loss: 0.8447
[2025-04-21 17:44:35] Epoch [2/20], Batch [33/125], Loss: 1.0246
[2025-04-21 17:44:36] Epoch [2/20], Batch [36/125], Loss: 0.7453
[2025-04-21 17:44:36] Epoch [2/20], Batch [39/125], Loss: 1.1385
[2025-04-21 17:44:37] Epoch [2/20], Batch [42/125], Loss: 0.9154
[2025-04-21 17:44:38] Epoch [2/20], Batch [45/125], Loss: 0.8846
[2025-04-21 17:44:39] Epoch [2/20], Batch [48/125], Loss: 0.9310
[2025-04-21 17:44:39] Epoch [2/20], Batch [51/125], Loss: 0.9956
[2025-04-21 17:44:40] Epoch [2/20], Batch [54/125], Loss: 0.8822
[2025-04-21 17:44:41] Epoch [2/20], Batch [57/125], Loss: 0.8483
[2025-04-21 17:44:41] Epoch [2/20], Batch [60/125], Loss: 0.9029
[2025-04-21 17:44:42] Epoch [2/20], Batch [63/125], Loss: 0.8833
[2025-04-21 17:44:43] Epoch [2/20], Batch [66/125], Loss: 0.8418
[2025-04-21 17:44:44] Epoch [2/20], Batch [69/125], Loss: 0.8863
[2025-04-21 17:44:44] Epoch [2/20], Batch [72/125], Loss: 0.8326
[2025-04-21 17:44:45] Epoch [2/20], Batch [75/125], Loss: 0.7738
[2025-04-21 17:44:46] Epoch [2/20], Batch [78/125], Loss: 0.9889
[2025-04-21 17:44:47] Epoch [2/20], Batch [81/125], Loss: 0.8957
[2025-04-21 17:44:47] Epoch [2/20], Batch [84/125], Loss: 1.0134
[2025-04-21 17:44:48] Epoch [2/20], Batch [87/125], Loss: 0.7814
[2025-04-21 17:44:49] Epoch [2/20], Batch [90/125], Loss: 0.8324
[2025-04-21 17:44:49] Epoch [2/20], Batch [93/125], Loss: 0.8905
[2025-04-21 17:44:50] Epoch [2/20], Batch [96/125], Loss: 1.0579
[2025-04-21 17:44:51] Epoch [2/20], Batch [99/125], Loss: 1.0886
[2025-04-21 17:44:52] Epoch [2/20], Batch [102/125], Loss: 0.8483
[2025-04-21 17:44:52] Epoch [2/20], Batch [105/125], Loss: 0.7959
[2025-04-21 17:44:53] Epoch [2/20], Batch [108/125], Loss: 0.8928
[2025-04-21 17:44:54] Epoch [2/20], Batch [111/125], Loss: 0.9022
[2025-04-21 17:44:55] Epoch [2/20], Batch [114/125], Loss: 0.8840
[2025-04-21 17:44:55] Epoch [2/20], Batch [117/125], Loss: 0.9008
[2025-04-21 17:44:56] Epoch [2/20], Batch [120/125], Loss: 1.0354
[2025-04-21 17:44:57] Epoch [2/20], Batch [123/125], Loss: 1.0420

🎯 Sentiment Classification (情感识别)
Accuracy: 0.834625
Precision: 0.7922712480537791
Recall: 0.7303775371450897
F1 Score: 0.7535529588030082
Confusion Matrix:
 [[ 675  497   24]
 [ 146 5190  324]
 [   9  323  812]]

📚 Topic Classification (主题识别)
Accuracy: 0.12825
Precision: 0.29352371627142304
Recall: 0.06565575781910685
F1 Score: 0.09474227368612344
[2025-04-21 17:45:11] Epoch [3/20], Batch [3/125], Loss: 0.9786
[2025-04-21 17:45:11] Epoch [3/20], Batch [6/125], Loss: 0.7039
[2025-04-21 17:45:12] Epoch [3/20], Batch [9/125], Loss: 0.7455
[2025-04-21 17:45:13] Epoch [3/20], Batch [12/125], Loss: 0.8546
[2025-04-21 17:45:14] Epoch [3/20], Batch [15/125], Loss: 0.7050
[2025-04-21 17:45:14] Epoch [3/20], Batch [18/125], Loss: 0.6772
[2025-04-21 17:45:15] Epoch [3/20], Batch [21/125], Loss: 0.7352
[2025-04-21 17:45:16] Epoch [3/20], Batch [24/125], Loss: 0.9278
[2025-04-21 17:45:17] Epoch [3/20], Batch [27/125], Loss: 1.0188
[2025-04-21 17:45:17] Epoch [3/20], Batch [30/125], Loss: 0.8363
[2025-04-21 17:45:18] Epoch [3/20], Batch [33/125], Loss: 0.7820
[2025-04-21 17:45:19] Epoch [3/20], Batch [36/125], Loss: 0.7351
[2025-04-21 17:45:19] Epoch [3/20], Batch [39/125], Loss: 0.8234
[2025-04-21 17:45:20] Epoch [3/20], Batch [42/125], Loss: 0.7752
[2025-04-21 17:45:21] Epoch [3/20], Batch [45/125], Loss: 0.9070
[2025-04-21 17:45:22] Epoch [3/20], Batch [48/125], Loss: 0.6498
[2025-04-21 17:45:22] Epoch [3/20], Batch [51/125], Loss: 0.6139
[2025-04-21 17:45:23] Epoch [3/20], Batch [54/125], Loss: 0.7012
[2025-04-21 17:45:24] Epoch [3/20], Batch [57/125], Loss: 0.7343
[2025-04-21 17:45:25] Epoch [3/20], Batch [60/125], Loss: 0.7501
[2025-04-21 17:45:25] Epoch [3/20], Batch [63/125], Loss: 0.6891
[2025-04-21 17:45:26] Epoch [3/20], Batch [66/125], Loss: 0.8407
[2025-04-21 17:45:27] Epoch [3/20], Batch [69/125], Loss: 0.6811
[2025-04-21 17:45:27] Epoch [3/20], Batch [72/125], Loss: 0.7903
[2025-04-21 17:45:28] Epoch [3/20], Batch [75/125], Loss: 1.0308
[2025-04-21 17:45:29] Epoch [3/20], Batch [78/125], Loss: 0.9292
[2025-04-21 17:45:30] Epoch [3/20], Batch [81/125], Loss: 0.8348
[2025-04-21 17:45:30] Epoch [3/20], Batch [84/125], Loss: 0.6643
[2025-04-21 17:45:31] Epoch [3/20], Batch [87/125], Loss: 0.7435
[2025-04-21 17:45:32] Epoch [3/20], Batch [90/125], Loss: 0.7596
[2025-04-21 17:45:33] Epoch [3/20], Batch [93/125], Loss: 0.7004
[2025-04-21 17:45:33] Epoch [3/20], Batch [96/125], Loss: 0.7390
[2025-04-21 17:45:34] Epoch [3/20], Batch [99/125], Loss: 0.6596
[2025-04-21 17:45:35] Epoch [3/20], Batch [102/125], Loss: 0.9956
[2025-04-21 17:45:36] Epoch [3/20], Batch [105/125], Loss: 0.7725
[2025-04-21 17:45:36] Epoch [3/20], Batch [108/125], Loss: 0.7283
[2025-04-21 17:45:37] Epoch [3/20], Batch [111/125], Loss: 0.7316
[2025-04-21 17:45:38] Epoch [3/20], Batch [114/125], Loss: 0.7278
[2025-04-21 17:45:39] Epoch [3/20], Batch [117/125], Loss: 0.8248
[2025-04-21 17:45:39] Epoch [3/20], Batch [120/125], Loss: 0.7436
[2025-04-21 17:45:40] Epoch [3/20], Batch [123/125], Loss: 0.5880

🎯 Sentiment Classification (情感识别)
Accuracy: 0.882125
Precision: 0.8880918250662008
Recall: 0.7785459240406237
F1 Score: 0.8194448582222883
Confusion Matrix:
 [[ 713  475    8]
 [  46 5457  157]
 [   0  257  887]]

📚 Topic Classification (主题识别)
Accuracy: 0.331125
Precision: 0.36254533636124275
Recall: 0.1597586620948833
F1 Score: 0.19005857682393584
[2025-04-21 17:45:54] Epoch [4/20], Batch [3/125], Loss: 0.6456
[2025-04-21 17:45:55] Epoch [4/20], Batch [6/125], Loss: 0.6481
[2025-04-21 17:45:55] Epoch [4/20], Batch [9/125], Loss: 0.5337
[2025-04-21 17:45:56] Epoch [4/20], Batch [12/125], Loss: 0.6111
[2025-04-21 17:45:57] Epoch [4/20], Batch [15/125], Loss: 0.7306
[2025-04-21 17:45:58] Epoch [4/20], Batch [18/125], Loss: 0.5945
[2025-04-21 17:45:58] Epoch [4/20], Batch [21/125], Loss: 0.8860
[2025-04-21 17:45:59] Epoch [4/20], Batch [24/125], Loss: 0.6816
[2025-04-21 17:46:00] Epoch [4/20], Batch [27/125], Loss: 0.6492
[2025-04-21 17:46:01] Epoch [4/20], Batch [30/125], Loss: 0.6689
[2025-04-21 17:46:01] Epoch [4/20], Batch [33/125], Loss: 0.5778
[2025-04-21 17:46:02] Epoch [4/20], Batch [36/125], Loss: 0.5567
[2025-04-21 17:46:03] Epoch [4/20], Batch [39/125], Loss: 0.6306
[2025-04-21 17:46:03] Epoch [4/20], Batch [42/125], Loss: 0.6694
[2025-04-21 17:46:04] Epoch [4/20], Batch [45/125], Loss: 0.6342
[2025-04-21 17:46:05] Epoch [4/20], Batch [48/125], Loss: 0.6853
[2025-04-21 17:46:06] Epoch [4/20], Batch [51/125], Loss: 0.6289
[2025-04-21 17:46:06] Epoch [4/20], Batch [54/125], Loss: 0.5568
[2025-04-21 17:46:07] Epoch [4/20], Batch [57/125], Loss: 0.5961
[2025-04-21 17:46:08] Epoch [4/20], Batch [60/125], Loss: 0.6925
[2025-04-21 17:46:09] Epoch [4/20], Batch [63/125], Loss: 0.6879
[2025-04-21 17:46:09] Epoch [4/20], Batch [66/125], Loss: 0.5923
[2025-04-21 17:46:10] Epoch [4/20], Batch [69/125], Loss: 0.5767
[2025-04-21 17:46:11] Epoch [4/20], Batch [72/125], Loss: 0.5277
[2025-04-21 17:46:12] Epoch [4/20], Batch [75/125], Loss: 0.5248
[2025-04-21 17:46:12] Epoch [4/20], Batch [78/125], Loss: 0.7138
[2025-04-21 17:46:13] Epoch [4/20], Batch [81/125], Loss: 0.6166
[2025-04-21 17:46:14] Epoch [4/20], Batch [84/125], Loss: 0.6441
[2025-04-21 17:46:14] Epoch [4/20], Batch [87/125], Loss: 0.7892
[2025-04-21 17:46:15] Epoch [4/20], Batch [90/125], Loss: 0.7149
[2025-04-21 17:46:16] Epoch [4/20], Batch [93/125], Loss: 0.5391
[2025-04-21 17:46:17] Epoch [4/20], Batch [96/125], Loss: 0.4927
[2025-04-21 17:46:17] Epoch [4/20], Batch [99/125], Loss: 0.4962
[2025-04-21 17:46:18] Epoch [4/20], Batch [102/125], Loss: 0.5496
[2025-04-21 17:46:19] Epoch [4/20], Batch [105/125], Loss: 0.5265
[2025-04-21 17:46:20] Epoch [4/20], Batch [108/125], Loss: 0.5209
[2025-04-21 17:46:20] Epoch [4/20], Batch [111/125], Loss: 0.5350
[2025-04-21 17:46:21] Epoch [4/20], Batch [114/125], Loss: 0.7864
[2025-04-21 17:46:22] Epoch [4/20], Batch [117/125], Loss: 0.6686
[2025-04-21 17:46:22] Epoch [4/20], Batch [120/125], Loss: 0.6169
[2025-04-21 17:46:23] Epoch [4/20], Batch [123/125], Loss: 0.6893

🎯 Sentiment Classification (情感识别)
Accuracy: 0.93825
Precision: 0.9114194617051594
Recall: 0.9187826090537721
F1 Score: 0.9143159589056712
Confusion Matrix:
 [[1053  132   11]
 [  79 5398  183]
 [   2   87 1055]]

📚 Topic Classification (主题识别)
Accuracy: 0.39775
Precision: 0.47155710931707945
Recall: 0.21906494621934786
F1 Score: 0.2595960927558726
[2025-04-21 17:46:37] Epoch [5/20], Batch [3/125], Loss: 0.4873
[2025-04-21 17:46:38] Epoch [5/20], Batch [6/125], Loss: 0.5028
[2025-04-21 17:46:39] Epoch [5/20], Batch [9/125], Loss: 0.5371
[2025-04-21 17:46:39] Epoch [5/20], Batch [12/125], Loss: 0.4308
[2025-04-21 17:46:40] Epoch [5/20], Batch [15/125], Loss: 0.4341
[2025-04-21 17:46:41] Epoch [5/20], Batch [18/125], Loss: 0.6452
[2025-04-21 17:46:41] Epoch [5/20], Batch [21/125], Loss: 0.4953
[2025-04-21 17:46:42] Epoch [5/20], Batch [24/125], Loss: 0.5417
[2025-04-21 17:46:43] Epoch [5/20], Batch [27/125], Loss: 0.7253
[2025-04-21 17:46:44] Epoch [5/20], Batch [30/125], Loss: 0.5901
[2025-04-21 17:46:44] Epoch [5/20], Batch [33/125], Loss: 0.5960
[2025-04-21 17:46:45] Epoch [5/20], Batch [36/125], Loss: 0.4560
[2025-04-21 17:46:46] Epoch [5/20], Batch [39/125], Loss: 0.4518
[2025-04-21 17:46:46] Epoch [5/20], Batch [42/125], Loss: 0.4187
[2025-04-21 17:46:47] Epoch [5/20], Batch [45/125], Loss: 0.3563
[2025-04-21 17:46:48] Epoch [5/20], Batch [48/125], Loss: 0.5057
[2025-04-21 17:46:49] Epoch [5/20], Batch [51/125], Loss: 0.4511
[2025-04-21 17:46:49] Epoch [5/20], Batch [54/125], Loss: 0.3902
[2025-04-21 17:46:50] Epoch [5/20], Batch [57/125], Loss: 0.4808
[2025-04-21 17:46:51] Epoch [5/20], Batch [60/125], Loss: 0.3787
[2025-04-21 17:46:52] Epoch [5/20], Batch [63/125], Loss: 0.6026
[2025-04-21 17:46:52] Epoch [5/20], Batch [66/125], Loss: 0.4160
[2025-04-21 17:46:53] Epoch [5/20], Batch [69/125], Loss: 0.5548
[2025-04-21 17:46:54] Epoch [5/20], Batch [72/125], Loss: 0.3154
[2025-04-21 17:46:54] Epoch [5/20], Batch [75/125], Loss: 0.5065
[2025-04-21 17:46:55] Epoch [5/20], Batch [78/125], Loss: 0.6251
[2025-04-21 17:46:56] Epoch [5/20], Batch [81/125], Loss: 0.5046
[2025-04-21 17:46:57] Epoch [5/20], Batch [84/125], Loss: 0.5727
[2025-04-21 17:46:57] Epoch [5/20], Batch [87/125], Loss: 0.4277
[2025-04-21 17:46:58] Epoch [5/20], Batch [90/125], Loss: 0.4581
[2025-04-21 17:46:59] Epoch [5/20], Batch [93/125], Loss: 0.4448
[2025-04-21 17:47:00] Epoch [5/20], Batch [96/125], Loss: 0.4736
[2025-04-21 17:47:00] Epoch [5/20], Batch [99/125], Loss: 0.6160
[2025-04-21 17:47:01] Epoch [5/20], Batch [102/125], Loss: 0.5507
[2025-04-21 17:47:02] Epoch [5/20], Batch [105/125], Loss: 0.4572
[2025-04-21 17:47:02] Epoch [5/20], Batch [108/125], Loss: 0.5495
[2025-04-21 17:47:03] Epoch [5/20], Batch [111/125], Loss: 0.5018
[2025-04-21 17:47:04] Epoch [5/20], Batch [114/125], Loss: 0.5132
[2025-04-21 17:47:05] Epoch [5/20], Batch [117/125], Loss: 0.6223
[2025-04-21 17:47:05] Epoch [5/20], Batch [120/125], Loss: 0.3113
[2025-04-21 17:47:06] Epoch [5/20], Batch [123/125], Loss: 0.4234

🎯 Sentiment Classification (情感识别)
Accuracy: 0.97
Precision: 0.9597584060051068
Recall: 0.9556632093772975
F1 Score: 0.9575533216194136
Confusion Matrix:
 [[1121   68    7]
 [  28 5554   78]
 [   2   57 1085]]

📚 Topic Classification (主题识别)
Accuracy: 0.4555
Precision: 0.7524275368729788
Recall: 0.274746951062664
F1 Score: 0.3190626092475067
[2025-04-21 17:47:20] Epoch [6/20], Batch [3/125], Loss: 0.3507
[2025-04-21 17:47:21] Epoch [6/20], Batch [6/125], Loss: 0.2872
[2025-04-21 17:47:21] Epoch [6/20], Batch [9/125], Loss: 0.4390
[2025-04-21 17:47:22] Epoch [6/20], Batch [12/125], Loss: 0.3273
[2025-04-21 17:47:23] Epoch [6/20], Batch [15/125], Loss: 0.4622
[2025-04-21 17:47:24] Epoch [6/20], Batch [18/125], Loss: 0.3394
[2025-04-21 17:47:24] Epoch [6/20], Batch [21/125], Loss: 0.3150
[2025-04-21 17:47:25] Epoch [6/20], Batch [24/125], Loss: 0.4048
[2025-04-21 17:47:26] Epoch [6/20], Batch [27/125], Loss: 0.4328
[2025-04-21 17:47:26] Epoch [6/20], Batch [30/125], Loss: 0.4512
[2025-04-21 17:47:27] Epoch [6/20], Batch [33/125], Loss: 0.3933
[2025-04-21 17:47:28] Epoch [6/20], Batch [36/125], Loss: 0.4497
[2025-04-21 17:47:29] Epoch [6/20], Batch [39/125], Loss: 0.3740
[2025-04-21 17:47:29] Epoch [6/20], Batch [42/125], Loss: 0.3109
[2025-04-21 17:47:30] Epoch [6/20], Batch [45/125], Loss: 0.3767
[2025-04-21 17:47:31] Epoch [6/20], Batch [48/125], Loss: 0.2791
[2025-04-21 17:47:32] Epoch [6/20], Batch [51/125], Loss: 0.3918
[2025-04-21 17:47:32] Epoch [6/20], Batch [54/125], Loss: 0.4419
[2025-04-21 17:47:33] Epoch [6/20], Batch [57/125], Loss: 0.4659
[2025-04-21 17:47:34] Epoch [6/20], Batch [60/125], Loss: 0.4479
[2025-04-21 17:47:34] Epoch [6/20], Batch [63/125], Loss: 0.3599
[2025-04-21 17:47:35] Epoch [6/20], Batch [66/125], Loss: 0.4506
[2025-04-21 17:47:36] Epoch [6/20], Batch [69/125], Loss: 0.3475
[2025-04-21 17:47:37] Epoch [6/20], Batch [72/125], Loss: 0.3744
[2025-04-21 17:47:37] Epoch [6/20], Batch [75/125], Loss: 0.3695
[2025-04-21 17:47:38] Epoch [6/20], Batch [78/125], Loss: 0.4190
[2025-04-21 17:47:39] Epoch [6/20], Batch [81/125], Loss: 0.3329
[2025-04-21 17:47:39] Epoch [6/20], Batch [84/125], Loss: 0.3775
[2025-04-21 17:47:40] Epoch [6/20], Batch [87/125], Loss: 0.3359
[2025-04-21 17:47:41] Epoch [6/20], Batch [90/125], Loss: 0.3785
[2025-04-21 17:47:42] Epoch [6/20], Batch [93/125], Loss: 0.4101
[2025-04-21 17:47:42] Epoch [6/20], Batch [96/125], Loss: 0.5020
[2025-04-21 17:47:43] Epoch [6/20], Batch [99/125], Loss: 0.2604
[2025-04-21 17:47:44] Epoch [6/20], Batch [102/125], Loss: 0.3256
[2025-04-21 17:47:45] Epoch [6/20], Batch [105/125], Loss: 0.2957
[2025-04-21 17:47:45] Epoch [6/20], Batch [108/125], Loss: 0.2792
[2025-04-21 17:47:46] Epoch [6/20], Batch [111/125], Loss: 0.3853
[2025-04-21 17:47:47] Epoch [6/20], Batch [114/125], Loss: 0.3037
[2025-04-21 17:47:47] Epoch [6/20], Batch [117/125], Loss: 0.5110
[2025-04-21 17:47:48] Epoch [6/20], Batch [120/125], Loss: 0.4006
[2025-04-21 17:47:49] Epoch [6/20], Batch [123/125], Loss: 0.4092

🎯 Sentiment Classification (情感识别)
Accuracy: 0.982375
Precision: 0.9791878396935734
Recall: 0.9711102898228416
F1 Score: 0.9750901319732866
Confusion Matrix:
 [[1151   41    4]
 [  15 5610   35]
 [   0   46 1098]]

📚 Topic Classification (主题识别)
Accuracy: 0.519375
Precision: 0.9516036088867468
Recall: 0.3586523477923531
F1 Score: 0.4424646867348431
[2025-04-21 17:48:03] Epoch [7/20], Batch [3/125], Loss: 0.2019
[2025-04-21 17:48:04] Epoch [7/20], Batch [6/125], Loss: 0.2414
[2025-04-21 17:48:04] Epoch [7/20], Batch [9/125], Loss: 0.3647
[2025-04-21 17:48:05] Epoch [7/20], Batch [12/125], Loss: 0.3759
[2025-04-21 17:48:06] Epoch [7/20], Batch [15/125], Loss: 0.3509
[2025-04-21 17:48:06] Epoch [7/20], Batch [18/125], Loss: 0.3931
[2025-04-21 17:48:07] Epoch [7/20], Batch [21/125], Loss: 0.3086
[2025-04-21 17:48:08] Epoch [7/20], Batch [24/125], Loss: 0.3951
[2025-04-21 17:48:09] Epoch [7/20], Batch [27/125], Loss: 0.2599
[2025-04-21 17:48:09] Epoch [7/20], Batch [30/125], Loss: 0.3544
[2025-04-21 17:48:10] Epoch [7/20], Batch [33/125], Loss: 0.2796
[2025-04-21 17:48:11] Epoch [7/20], Batch [36/125], Loss: 0.4028
[2025-04-21 17:48:12] Epoch [7/20], Batch [39/125], Loss: 0.2737
[2025-04-21 17:48:12] Epoch [7/20], Batch [42/125], Loss: 0.4793
[2025-04-21 17:48:13] Epoch [7/20], Batch [45/125], Loss: 0.3050
[2025-04-21 17:48:14] Epoch [7/20], Batch [48/125], Loss: 0.2683
[2025-04-21 17:48:14] Epoch [7/20], Batch [51/125], Loss: 0.3171
[2025-04-21 17:48:15] Epoch [7/20], Batch [54/125], Loss: 0.3426
[2025-04-21 17:48:16] Epoch [7/20], Batch [57/125], Loss: 0.3021
[2025-04-21 17:48:17] Epoch [7/20], Batch [60/125], Loss: 0.2195
[2025-04-21 17:48:17] Epoch [7/20], Batch [63/125], Loss: 0.2919
[2025-04-21 17:48:18] Epoch [7/20], Batch [66/125], Loss: 0.2992
[2025-04-21 17:48:19] Epoch [7/20], Batch [69/125], Loss: 0.3568
[2025-04-21 17:48:19] Epoch [7/20], Batch [72/125], Loss: 0.3327
[2025-04-21 17:48:20] Epoch [7/20], Batch [75/125], Loss: 0.3534
[2025-04-21 17:48:21] Epoch [7/20], Batch [78/125], Loss: 0.2676
[2025-04-21 17:48:22] Epoch [7/20], Batch [81/125], Loss: 0.3295
[2025-04-21 17:48:22] Epoch [7/20], Batch [84/125], Loss: 0.3365
[2025-04-21 17:48:23] Epoch [7/20], Batch [87/125], Loss: 0.3734
[2025-04-21 17:48:24] Epoch [7/20], Batch [90/125], Loss: 0.2683
[2025-04-21 17:48:25] Epoch [7/20], Batch [93/125], Loss: 0.2596
[2025-04-21 17:48:25] Epoch [7/20], Batch [96/125], Loss: 0.2877
[2025-04-21 17:48:26] Epoch [7/20], Batch [99/125], Loss: 0.3415
[2025-04-21 17:48:27] Epoch [7/20], Batch [102/125], Loss: 0.2679
[2025-04-21 17:48:27] Epoch [7/20], Batch [105/125], Loss: 0.2659
[2025-04-21 17:48:28] Epoch [7/20], Batch [108/125], Loss: 0.2912
[2025-04-21 17:48:29] Epoch [7/20], Batch [111/125], Loss: 0.2553
[2025-04-21 17:48:30] Epoch [7/20], Batch [114/125], Loss: 0.2589
[2025-04-21 17:48:30] Epoch [7/20], Batch [117/125], Loss: 0.3011
[2025-04-21 17:48:31] Epoch [7/20], Batch [120/125], Loss: 0.3781
[2025-04-21 17:48:32] Epoch [7/20], Batch [123/125], Loss: 0.3157

🎯 Sentiment Classification (情感识别)
Accuracy: 0.990125
Precision: 0.9862506329877231
Recall: 0.9854982933796884
F1 Score: 0.9858472012102101
Confusion Matrix:
 [[1166   25    5]
 [  13 5625   22]
 [   0   14 1130]]

📚 Topic Classification (主题识别)
Accuracy: 0.587625
Precision: 0.9329051899367471
Recall: 0.4506782769275908
F1 Score: 0.5589436314557491
[2025-04-21 17:48:46] Epoch [8/20], Batch [3/125], Loss: 0.4144
[2025-04-21 17:48:47] Epoch [8/20], Batch [6/125], Loss: 0.2878
[2025-04-21 17:48:47] Epoch [8/20], Batch [9/125], Loss: 0.2009
[2025-04-21 17:48:48] Epoch [8/20], Batch [12/125], Loss: 0.3222
[2025-04-21 17:48:49] Epoch [8/20], Batch [15/125], Loss: 0.2284
[2025-04-21 17:48:50] Epoch [8/20], Batch [18/125], Loss: 0.2380
[2025-04-21 17:48:50] Epoch [8/20], Batch [21/125], Loss: 0.2830
[2025-04-21 17:48:51] Epoch [8/20], Batch [24/125], Loss: 0.2273
[2025-04-21 17:48:52] Epoch [8/20], Batch [27/125], Loss: 0.2595
[2025-04-21 17:48:53] Epoch [8/20], Batch [30/125], Loss: 0.2768
[2025-04-21 17:48:53] Epoch [8/20], Batch [33/125], Loss: 0.2493
[2025-04-21 17:48:54] Epoch [8/20], Batch [36/125], Loss: 0.2052
[2025-04-21 17:48:55] Epoch [8/20], Batch [39/125], Loss: 0.2450
[2025-04-21 17:48:55] Epoch [8/20], Batch [42/125], Loss: 0.2132
[2025-04-21 17:48:56] Epoch [8/20], Batch [45/125], Loss: 0.2501
[2025-04-21 17:48:57] Epoch [8/20], Batch [48/125], Loss: 0.2133
[2025-04-21 17:48:58] Epoch [8/20], Batch [51/125], Loss: 0.2664
[2025-04-21 17:48:58] Epoch [8/20], Batch [54/125], Loss: 0.2070
[2025-04-21 17:48:59] Epoch [8/20], Batch [57/125], Loss: 0.2128
[2025-04-21 17:49:00] Epoch [8/20], Batch [60/125], Loss: 0.3417
[2025-04-21 17:49:01] Epoch [8/20], Batch [63/125], Loss: 0.4302
[2025-04-21 17:49:01] Epoch [8/20], Batch [66/125], Loss: 0.2358
[2025-04-21 17:49:02] Epoch [8/20], Batch [69/125], Loss: 0.3123
[2025-04-21 17:49:03] Epoch [8/20], Batch [72/125], Loss: 0.3132
[2025-04-21 17:49:03] Epoch [8/20], Batch [75/125], Loss: 0.2775
[2025-04-21 17:49:04] Epoch [8/20], Batch [78/125], Loss: 0.2123
[2025-04-21 17:49:05] Epoch [8/20], Batch [81/125], Loss: 0.3441
[2025-04-21 17:49:06] Epoch [8/20], Batch [84/125], Loss: 0.4028
[2025-04-21 17:49:06] Epoch [8/20], Batch [87/125], Loss: 0.2640
[2025-04-21 17:49:07] Epoch [8/20], Batch [90/125], Loss: 0.2206
[2025-04-21 17:49:08] Epoch [8/20], Batch [93/125], Loss: 0.2373
[2025-04-21 17:49:09] Epoch [8/20], Batch [96/125], Loss: 0.2427
[2025-04-21 17:49:09] Epoch [8/20], Batch [99/125], Loss: 0.1969
[2025-04-21 17:49:10] Epoch [8/20], Batch [102/125], Loss: 0.3282
[2025-04-21 17:49:11] Epoch [8/20], Batch [105/125], Loss: 0.2380
[2025-04-21 17:49:11] Epoch [8/20], Batch [108/125], Loss: 0.3056
[2025-04-21 17:49:12] Epoch [8/20], Batch [111/125], Loss: 0.4271
[2025-04-21 17:49:13] Epoch [8/20], Batch [114/125], Loss: 0.3272
[2025-04-21 17:49:14] Epoch [8/20], Batch [117/125], Loss: 0.1811
[2025-04-21 17:49:14] Epoch [8/20], Batch [120/125], Loss: 0.2668
[2025-04-21 17:49:15] Epoch [8/20], Batch [123/125], Loss: 0.2169

🎯 Sentiment Classification (情感识别)
Accuracy: 0.9925
Precision: 0.9880899490151576
Recall: 0.9905992455846504
F1 Score: 0.9893309400387714
Confusion Matrix:
 [[1182   10    4]
 [  29 5626    5]
 [   0   12 1132]]

📚 Topic Classification (主题识别)
Accuracy: 0.646
Precision: 0.9306345305475434
Recall: 0.5301903658302007
F1 Score: 0.6351548197696759
[2025-04-21 17:49:29] Epoch [9/20], Batch [3/125], Loss: 0.3255
[2025-04-21 17:49:30] Epoch [9/20], Batch [6/125], Loss: 0.1889
[2025-04-21 17:49:31] Epoch [9/20], Batch [9/125], Loss: 0.2165
[2025-04-21 17:49:31] Epoch [9/20], Batch [12/125], Loss: 0.2830
[2025-04-21 17:49:32] Epoch [9/20], Batch [15/125], Loss: 0.1845
[2025-04-21 17:49:33] Epoch [9/20], Batch [18/125], Loss: 0.3622
[2025-04-21 17:49:34] Epoch [9/20], Batch [21/125], Loss: 0.2074
[2025-04-21 17:49:34] Epoch [9/20], Batch [24/125], Loss: 0.1995
[2025-04-21 17:49:35] Epoch [9/20], Batch [27/125], Loss: 0.1917
[2025-04-21 17:49:36] Epoch [9/20], Batch [30/125], Loss: 0.2282
[2025-04-21 17:49:36] Epoch [9/20], Batch [33/125], Loss: 0.1982
[2025-04-21 17:49:37] Epoch [9/20], Batch [36/125], Loss: 0.2638
[2025-04-21 17:49:38] Epoch [9/20], Batch [39/125], Loss: 0.3348
[2025-04-21 17:49:39] Epoch [9/20], Batch [42/125], Loss: 0.2150
[2025-04-21 17:49:39] Epoch [9/20], Batch [45/125], Loss: 0.2174
[2025-04-21 17:49:40] Epoch [9/20], Batch [48/125], Loss: 0.3771
[2025-04-21 17:49:41] Epoch [9/20], Batch [51/125], Loss: 0.2215
[2025-04-21 17:49:42] Epoch [9/20], Batch [54/125], Loss: 0.2045
[2025-04-21 17:49:42] Epoch [9/20], Batch [57/125], Loss: 0.2024
[2025-04-21 17:49:43] Epoch [9/20], Batch [60/125], Loss: 0.2328
[2025-04-21 17:49:44] Epoch [9/20], Batch [63/125], Loss: 0.2136
[2025-04-21 17:49:44] Epoch [9/20], Batch [66/125], Loss: 0.2779
[2025-04-21 17:49:45] Epoch [9/20], Batch [69/125], Loss: 0.2485
[2025-04-21 17:49:46] Epoch [9/20], Batch [72/125], Loss: 0.2284
[2025-04-21 17:49:47] Epoch [9/20], Batch [75/125], Loss: 0.2295
[2025-04-21 17:49:47] Epoch [9/20], Batch [78/125], Loss: 0.2519
[2025-04-21 17:49:48] Epoch [9/20], Batch [81/125], Loss: 0.2296
[2025-04-21 17:49:49] Epoch [9/20], Batch [84/125], Loss: 0.2031
[2025-04-21 17:49:49] Epoch [9/20], Batch [87/125], Loss: 0.2008
[2025-04-21 17:49:50] Epoch [9/20], Batch [90/125], Loss: 0.1903
[2025-04-21 17:49:51] Epoch [9/20], Batch [93/125], Loss: 0.1839
[2025-04-21 17:49:52] Epoch [9/20], Batch [96/125], Loss: 0.3678
[2025-04-21 17:49:52] Epoch [9/20], Batch [99/125], Loss: 0.1719
[2025-04-21 17:49:53] Epoch [9/20], Batch [102/125], Loss: 0.2042
[2025-04-21 17:49:54] Epoch [9/20], Batch [105/125], Loss: 0.2568
[2025-04-21 17:49:55] Epoch [9/20], Batch [108/125], Loss: 0.1551
[2025-04-21 17:49:55] Epoch [9/20], Batch [111/125], Loss: 0.2140
[2025-04-21 17:49:56] Epoch [9/20], Batch [114/125], Loss: 0.2423
[2025-04-21 17:49:57] Epoch [9/20], Batch [117/125], Loss: 0.2634
[2025-04-21 17:49:57] Epoch [9/20], Batch [120/125], Loss: 0.1856
[2025-04-21 17:49:58] Epoch [9/20], Batch [123/125], Loss: 0.1727

🎯 Sentiment Classification (情感识别)
Accuracy: 0.99525
Precision: 0.9929643765036431
Recall: 0.993704073363007
F1 Score: 0.9933241616567533
Confusion Matrix:
 [[1186    9    1]
 [  20 5640    0]
 [   1    7 1136]]

📚 Topic Classification (主题识别)
Accuracy: 0.709375
Precision: 0.9216727460986632
Recall: 0.6471511733831284
F1 Score: 0.7492364113159187
[2025-04-21 17:50:12] Epoch [10/20], Batch [3/125], Loss: 0.2258
[2025-04-21 17:50:13] Epoch [10/20], Batch [6/125], Loss: 0.1829
[2025-04-21 17:50:14] Epoch [10/20], Batch [9/125], Loss: 0.1801
[2025-04-21 17:50:15] Epoch [10/20], Batch [12/125], Loss: 0.1806
[2025-04-21 17:50:15] Epoch [10/20], Batch [15/125], Loss: 0.1449
[2025-04-21 17:50:16] Epoch [10/20], Batch [18/125], Loss: 0.2020
[2025-04-21 17:50:17] Epoch [10/20], Batch [21/125], Loss: 0.2598
[2025-04-21 17:50:17] Epoch [10/20], Batch [24/125], Loss: 0.2090
[2025-04-21 17:50:18] Epoch [10/20], Batch [27/125], Loss: 0.1518
[2025-04-21 17:50:19] Epoch [10/20], Batch [30/125], Loss: 0.1511
[2025-04-21 17:50:20] Epoch [10/20], Batch [33/125], Loss: 0.2093
[2025-04-21 17:50:20] Epoch [10/20], Batch [36/125], Loss: 0.2609
[2025-04-21 17:50:21] Epoch [10/20], Batch [39/125], Loss: 0.1854
[2025-04-21 17:50:22] Epoch [10/20], Batch [42/125], Loss: 0.2045
[2025-04-21 17:50:23] Epoch [10/20], Batch [45/125], Loss: 0.1700
[2025-04-21 17:50:23] Epoch [10/20], Batch [48/125], Loss: 0.1392
[2025-04-21 17:50:24] Epoch [10/20], Batch [51/125], Loss: 0.2539
[2025-04-21 17:50:25] Epoch [10/20], Batch [54/125], Loss: 0.1942
[2025-04-21 17:50:25] Epoch [10/20], Batch [57/125], Loss: 0.1562
[2025-04-21 17:50:26] Epoch [10/20], Batch [60/125], Loss: 0.1886
[2025-04-21 17:50:27] Epoch [10/20], Batch [63/125], Loss: 0.2265
[2025-04-21 17:50:28] Epoch [10/20], Batch [66/125], Loss: 0.2238
[2025-04-21 17:50:28] Epoch [10/20], Batch [69/125], Loss: 0.2307
[2025-04-21 17:50:29] Epoch [10/20], Batch [72/125], Loss: 0.1902
[2025-04-21 17:50:30] Epoch [10/20], Batch [75/125], Loss: 0.1976
[2025-04-21 17:50:31] Epoch [10/20], Batch [78/125], Loss: 0.1473
[2025-04-21 17:50:31] Epoch [10/20], Batch [81/125], Loss: 0.2479
[2025-04-21 17:50:32] Epoch [10/20], Batch [84/125], Loss: 0.1399
[2025-04-21 17:50:33] Epoch [10/20], Batch [87/125], Loss: 0.1651
[2025-04-21 17:50:33] Epoch [10/20], Batch [90/125], Loss: 0.2299
[2025-04-21 17:50:34] Epoch [10/20], Batch [93/125], Loss: 0.1684
[2025-04-21 17:50:35] Epoch [10/20], Batch [96/125], Loss: 0.1942
[2025-04-21 17:50:36] Epoch [10/20], Batch [99/125], Loss: 0.2265
[2025-04-21 17:50:36] Epoch [10/20], Batch [102/125], Loss: 0.2479
[2025-04-21 17:50:37] Epoch [10/20], Batch [105/125], Loss: 0.2668
[2025-04-21 17:50:38] Epoch [10/20], Batch [108/125], Loss: 0.1768
[2025-04-21 17:50:38] Epoch [10/20], Batch [111/125], Loss: 0.2472
[2025-04-21 17:50:39] Epoch [10/20], Batch [114/125], Loss: 0.1652
[2025-04-21 17:50:40] Epoch [10/20], Batch [117/125], Loss: 0.1838
[2025-04-21 17:50:41] Epoch [10/20], Batch [120/125], Loss: 0.2073
[2025-04-21 17:50:41] Epoch [10/20], Batch [123/125], Loss: 0.1924

🎯 Sentiment Classification (情感识别)
Accuracy: 0.996625
Precision: 0.9947557205779445
Recall: 0.9945590398232893
F1 Score: 0.9946566027898495
Confusion Matrix:
 [[1188    4    4]
 [   3 5650    7]
 [   2    7 1135]]

📚 Topic Classification (主题识别)
Accuracy: 0.719125
Precision: 0.9336705093409707
Recall: 0.6424234758397278
F1 Score: 0.7468795635784169
[2025-04-21 17:50:55] Epoch [11/20], Batch [3/125], Loss: 0.1495
[2025-04-21 17:50:56] Epoch [11/20], Batch [6/125], Loss: 0.1523
[2025-04-21 17:50:57] Epoch [11/20], Batch [9/125], Loss: 0.1701
[2025-04-21 17:50:58] Epoch [11/20], Batch [12/125], Loss: 0.1842
[2025-04-21 17:50:58] Epoch [11/20], Batch [15/125], Loss: 0.2072
[2025-04-21 17:50:59] Epoch [11/20], Batch [18/125], Loss: 0.1660
[2025-04-21 17:51:00] Epoch [11/20], Batch [21/125], Loss: 0.1720
[2025-04-21 17:51:00] Epoch [11/20], Batch [24/125], Loss: 0.1590
[2025-04-21 17:51:01] Epoch [11/20], Batch [27/125], Loss: 0.1694
[2025-04-21 17:51:02] Epoch [11/20], Batch [30/125], Loss: 0.1569
[2025-04-21 17:51:03] Epoch [11/20], Batch [33/125], Loss: 0.1853
[2025-04-21 17:51:03] Epoch [11/20], Batch [36/125], Loss: 0.2419
[2025-04-21 17:51:04] Epoch [11/20], Batch [39/125], Loss: 0.1810
[2025-04-21 17:51:05] Epoch [11/20], Batch [42/125], Loss: 0.1360
[2025-04-21 17:51:05] Epoch [11/20], Batch [45/125], Loss: 0.1782
[2025-04-21 17:51:06] Epoch [11/20], Batch [48/125], Loss: 0.2111
[2025-04-21 17:51:07] Epoch [11/20], Batch [51/125], Loss: 0.2075
[2025-04-21 17:51:08] Epoch [11/20], Batch [54/125], Loss: 0.1470
[2025-04-21 17:51:08] Epoch [11/20], Batch [57/125], Loss: 0.1838
[2025-04-21 17:51:09] Epoch [11/20], Batch [60/125], Loss: 0.1776
[2025-04-21 17:51:10] Epoch [11/20], Batch [63/125], Loss: 0.1648
[2025-04-21 17:51:11] Epoch [11/20], Batch [66/125], Loss: 0.1656
[2025-04-21 17:51:11] Epoch [11/20], Batch [69/125], Loss: 0.1602
[2025-04-21 17:51:12] Epoch [11/20], Batch [72/125], Loss: 0.1501
[2025-04-21 17:51:13] Epoch [11/20], Batch [75/125], Loss: 0.1792
[2025-04-21 17:51:13] Epoch [11/20], Batch [78/125], Loss: 0.1862
[2025-04-21 17:51:14] Epoch [11/20], Batch [81/125], Loss: 0.1404
[2025-04-21 17:51:15] Epoch [11/20], Batch [84/125], Loss: 0.1644
[2025-04-21 17:51:16] Epoch [11/20], Batch [87/125], Loss: 0.1280
[2025-04-21 17:51:16] Epoch [11/20], Batch [90/125], Loss: 0.1410
[2025-04-21 17:51:17] Epoch [11/20], Batch [93/125], Loss: 0.1820
[2025-04-21 17:51:18] Epoch [11/20], Batch [96/125], Loss: 0.2051
[2025-04-21 17:51:19] Epoch [11/20], Batch [99/125], Loss: 0.1381
[2025-04-21 17:51:19] Epoch [11/20], Batch [102/125], Loss: 0.1361
[2025-04-21 17:51:20] Epoch [11/20], Batch [105/125], Loss: 0.1525
[2025-04-21 17:51:21] Epoch [11/20], Batch [108/125], Loss: 0.2531
[2025-04-21 17:51:21] Epoch [11/20], Batch [111/125], Loss: 0.1551
[2025-04-21 17:51:22] Epoch [11/20], Batch [114/125], Loss: 0.2002
[2025-04-21 17:51:23] Epoch [11/20], Batch [117/125], Loss: 0.1414
[2025-04-21 17:51:24] Epoch [11/20], Batch [120/125], Loss: 0.1933
[2025-04-21 17:51:24] Epoch [11/20], Batch [123/125], Loss: 0.1791

🎯 Sentiment Classification (情感识别)
Accuracy: 0.995125
Precision: 0.9894180492387646
Recall: 0.996384296299798
F1 Score: 0.9928529245109142
Confusion Matrix:
 [[1190    2    4]
 [  10 5627   23]
 [   0    0 1144]]

📚 Topic Classification (主题识别)
Accuracy: 0.75225
Precision: 0.928366465798705
Recall: 0.7119715337099006
F1 Score: 0.8012571097631472
[2025-04-21 17:51:38] Epoch [12/20], Batch [3/125], Loss: 0.1417
[2025-04-21 17:51:39] Epoch [12/20], Batch [6/125], Loss: 0.2115
[2025-04-21 17:51:40] Epoch [12/20], Batch [9/125], Loss: 0.2075
[2025-04-21 17:51:41] Epoch [12/20], Batch [12/125], Loss: 0.1833
[2025-04-21 17:51:41] Epoch [12/20], Batch [15/125], Loss: 0.2245
[2025-04-21 17:51:42] Epoch [12/20], Batch [18/125], Loss: 0.1530
[2025-04-21 17:51:43] Epoch [12/20], Batch [21/125], Loss: 0.2046
[2025-04-21 17:51:44] Epoch [12/20], Batch [24/125], Loss: 0.1158
[2025-04-21 17:51:44] Epoch [12/20], Batch [27/125], Loss: 0.1401
[2025-04-21 17:51:45] Epoch [12/20], Batch [30/125], Loss: 0.1888
[2025-04-21 17:51:46] Epoch [12/20], Batch [33/125], Loss: 0.1025
[2025-04-21 17:51:46] Epoch [12/20], Batch [36/125], Loss: 0.1446
[2025-04-21 17:51:47] Epoch [12/20], Batch [39/125], Loss: 0.1483
[2025-04-21 17:51:48] Epoch [12/20], Batch [42/125], Loss: 0.1774
[2025-04-21 17:51:49] Epoch [12/20], Batch [45/125], Loss: 0.1133
[2025-04-21 17:51:49] Epoch [12/20], Batch [48/125], Loss: 0.1704
[2025-04-21 17:51:50] Epoch [12/20], Batch [51/125], Loss: 0.1517
[2025-04-21 17:51:51] Epoch [12/20], Batch [54/125], Loss: 0.1856
[2025-04-21 17:51:51] Epoch [12/20], Batch [57/125], Loss: 0.1217
[2025-04-21 17:51:52] Epoch [12/20], Batch [60/125], Loss: 0.1622
[2025-04-21 17:51:53] Epoch [12/20], Batch [63/125], Loss: 0.1815
[2025-04-21 17:51:54] Epoch [12/20], Batch [66/125], Loss: 0.1500
[2025-04-21 17:51:54] Epoch [12/20], Batch [69/125], Loss: 0.1532
[2025-04-21 17:51:55] Epoch [12/20], Batch [72/125], Loss: 0.1011
[2025-04-21 17:51:56] Epoch [12/20], Batch [75/125], Loss: 0.1845
[2025-04-21 17:51:57] Epoch [12/20], Batch [78/125], Loss: 0.1533
[2025-04-21 17:51:57] Epoch [12/20], Batch [81/125], Loss: 0.1623
[2025-04-21 17:51:58] Epoch [12/20], Batch [84/125], Loss: 0.1703
[2025-04-21 17:51:59] Epoch [12/20], Batch [87/125], Loss: 0.2457
[2025-04-21 17:51:59] Epoch [12/20], Batch [90/125], Loss: 0.1804
[2025-04-21 17:52:00] Epoch [12/20], Batch [93/125], Loss: 0.2039
[2025-04-21 17:52:01] Epoch [12/20], Batch [96/125], Loss: 0.1436
[2025-04-21 17:52:02] Epoch [12/20], Batch [99/125], Loss: 0.1385
[2025-04-21 17:52:02] Epoch [12/20], Batch [102/125], Loss: 0.1304
[2025-04-21 17:52:03] Epoch [12/20], Batch [105/125], Loss: 0.1213
[2025-04-21 17:52:04] Epoch [12/20], Batch [108/125], Loss: 0.1198
[2025-04-21 17:52:05] Epoch [12/20], Batch [111/125], Loss: 0.1723
[2025-04-21 17:52:05] Epoch [12/20], Batch [114/125], Loss: 0.1487
[2025-04-21 17:52:06] Epoch [12/20], Batch [117/125], Loss: 0.1195
[2025-04-21 17:52:07] Epoch [12/20], Batch [120/125], Loss: 0.1611
[2025-04-21 17:52:08] Epoch [12/20], Batch [123/125], Loss: 0.1387

🎯 Sentiment Classification (情感识别)
Accuracy: 0.998375
Precision: 0.9971831870109176
Recall: 0.9974378760482616
F1 Score: 0.9973097269607011
Confusion Matrix:
 [[1191    2    3]
 [   2 5655    3]
 [   1    2 1141]]

📚 Topic Classification (主题识别)
Accuracy: 0.78225
Precision: 0.927769122523064
Recall: 0.7654022868253652
F1 Score: 0.8361334559709075
[2025-04-21 17:52:22] Epoch [13/20], Batch [3/125], Loss: 0.1175
[2025-04-21 17:52:22] Epoch [13/20], Batch [6/125], Loss: 0.1525
[2025-04-21 17:52:23] Epoch [13/20], Batch [9/125], Loss: 0.1510
[2025-04-21 17:52:24] Epoch [13/20], Batch [12/125], Loss: 0.1107
[2025-04-21 17:52:24] Epoch [13/20], Batch [15/125], Loss: 0.1865
[2025-04-21 17:52:25] Epoch [13/20], Batch [18/125], Loss: 0.1872
[2025-04-21 17:52:26] Epoch [13/20], Batch [21/125], Loss: 0.2404
[2025-04-21 17:52:27] Epoch [13/20], Batch [24/125], Loss: 0.1233
[2025-04-21 17:52:27] Epoch [13/20], Batch [27/125], Loss: 0.1511
[2025-04-21 17:52:28] Epoch [13/20], Batch [30/125], Loss: 0.1116
[2025-04-21 17:52:29] Epoch [13/20], Batch [33/125], Loss: 0.1759
[2025-04-21 17:52:30] Epoch [13/20], Batch [36/125], Loss: 0.1029
[2025-04-21 17:52:30] Epoch [13/20], Batch [39/125], Loss: 0.1569
[2025-04-21 17:52:31] Epoch [13/20], Batch [42/125], Loss: 0.1382
[2025-04-21 17:52:32] Epoch [13/20], Batch [45/125], Loss: 0.1331
[2025-04-21 17:52:32] Epoch [13/20], Batch [48/125], Loss: 0.1068
[2025-04-21 17:52:33] Epoch [13/20], Batch [51/125], Loss: 0.2252
[2025-04-21 17:52:34] Epoch [13/20], Batch [54/125], Loss: 0.1929
[2025-04-21 17:52:35] Epoch [13/20], Batch [57/125], Loss: 0.1685
[2025-04-21 17:52:35] Epoch [13/20], Batch [60/125], Loss: 0.1323
[2025-04-21 17:52:36] Epoch [13/20], Batch [63/125], Loss: 0.1642
[2025-04-21 17:52:37] Epoch [13/20], Batch [66/125], Loss: 0.1424
[2025-04-21 17:52:38] Epoch [13/20], Batch [69/125], Loss: 0.2055
[2025-04-21 17:52:38] Epoch [13/20], Batch [72/125], Loss: 0.1170
[2025-04-21 17:52:39] Epoch [13/20], Batch [75/125], Loss: 0.1446
[2025-04-21 17:52:40] Epoch [13/20], Batch [78/125], Loss: 0.1491
[2025-04-21 17:52:40] Epoch [13/20], Batch [81/125], Loss: 0.1464
[2025-04-21 17:52:41] Epoch [13/20], Batch [84/125], Loss: 0.1472
[2025-04-21 17:52:42] Epoch [13/20], Batch [87/125], Loss: 0.1344
[2025-04-21 17:52:43] Epoch [13/20], Batch [90/125], Loss: 0.2155
[2025-04-21 17:52:43] Epoch [13/20], Batch [93/125], Loss: 0.1664
[2025-04-21 17:52:44] Epoch [13/20], Batch [96/125], Loss: 0.1591
[2025-04-21 17:52:45] Epoch [13/20], Batch [99/125], Loss: 0.1285
[2025-04-21 17:52:46] Epoch [13/20], Batch [102/125], Loss: 0.1508
[2025-04-21 17:52:46] Epoch [13/20], Batch [105/125], Loss: 0.1766
[2025-04-21 17:52:47] Epoch [13/20], Batch [108/125], Loss: 0.1746
[2025-04-21 17:52:48] Epoch [13/20], Batch [111/125], Loss: 0.1220
[2025-04-21 17:52:48] Epoch [13/20], Batch [114/125], Loss: 0.1283
[2025-04-21 17:52:49] Epoch [13/20], Batch [117/125], Loss: 0.1668
[2025-04-21 17:52:50] Epoch [13/20], Batch [120/125], Loss: 0.1135
[2025-04-21 17:52:51] Epoch [13/20], Batch [123/125], Loss: 0.1969

🎯 Sentiment Classification (情感识别)
Accuracy: 0.996625
Precision: 0.9923152460145018
Recall: 0.9977377835458955
F1 Score: 0.9949971920930126
Confusion Matrix:
 [[1194    0    2]
 [   4 5636   20]
 [   1    0 1143]]

📚 Topic Classification (主题识别)
Accuracy: 0.79275
Precision: 0.9268167465593844
Recall: 0.7867886656718398
F1 Score: 0.848473018298461
[2025-04-21 17:53:05] Epoch [14/20], Batch [3/125], Loss: 0.1301
[2025-04-21 17:53:05] Epoch [14/20], Batch [6/125], Loss: 0.0954
[2025-04-21 17:53:06] Epoch [14/20], Batch [9/125], Loss: 0.1221
[2025-04-21 17:53:07] Epoch [14/20], Batch [12/125], Loss: 0.1664
[2025-04-21 17:53:08] Epoch [14/20], Batch [15/125], Loss: 0.1342
[2025-04-21 17:53:08] Epoch [14/20], Batch [18/125], Loss: 0.1469
[2025-04-21 17:53:09] Epoch [14/20], Batch [21/125], Loss: 0.1229
[2025-04-21 17:53:10] Epoch [14/20], Batch [24/125], Loss: 0.1281
[2025-04-21 17:53:10] Epoch [14/20], Batch [27/125], Loss: 0.1261
[2025-04-21 17:53:11] Epoch [14/20], Batch [30/125], Loss: 0.1016
[2025-04-21 17:53:12] Epoch [14/20], Batch [33/125], Loss: 0.1528
[2025-04-21 17:53:13] Epoch [14/20], Batch [36/125], Loss: 0.1701
[2025-04-21 17:53:13] Epoch [14/20], Batch [39/125], Loss: 0.1435
[2025-04-21 17:53:14] Epoch [14/20], Batch [42/125], Loss: 0.1022
[2025-04-21 17:53:15] Epoch [14/20], Batch [45/125], Loss: 0.1182
[2025-04-21 17:53:16] Epoch [14/20], Batch [48/125], Loss: 0.1710
[2025-04-21 17:53:16] Epoch [14/20], Batch [51/125], Loss: 0.1289
[2025-04-21 17:53:17] Epoch [14/20], Batch [54/125], Loss: 0.1541
[2025-04-21 17:53:18] Epoch [14/20], Batch [57/125], Loss: 0.1025
[2025-04-21 17:53:18] Epoch [14/20], Batch [60/125], Loss: 0.1190
[2025-04-21 17:53:19] Epoch [14/20], Batch [63/125], Loss: 0.0983
[2025-04-21 17:53:20] Epoch [14/20], Batch [66/125], Loss: 0.1135
[2025-04-21 17:53:21] Epoch [14/20], Batch [69/125], Loss: 0.1357
[2025-04-21 17:53:21] Epoch [14/20], Batch [72/125], Loss: 0.1085
[2025-04-21 17:53:22] Epoch [14/20], Batch [75/125], Loss: 0.1506
[2025-04-21 17:53:23] Epoch [14/20], Batch [78/125], Loss: 0.1093
[2025-04-21 17:53:23] Epoch [14/20], Batch [81/125], Loss: 0.1492
[2025-04-21 17:53:24] Epoch [14/20], Batch [84/125], Loss: 0.1502
[2025-04-21 17:53:25] Epoch [14/20], Batch [87/125], Loss: 0.1521
[2025-04-21 17:53:26] Epoch [14/20], Batch [90/125], Loss: 0.1254
[2025-04-21 17:53:26] Epoch [14/20], Batch [93/125], Loss: 0.1628
[2025-04-21 17:53:27] Epoch [14/20], Batch [96/125], Loss: 0.1066
[2025-04-21 17:53:28] Epoch [14/20], Batch [99/125], Loss: 0.1948
[2025-04-21 17:53:29] Epoch [14/20], Batch [102/125], Loss: 0.1491
[2025-04-21 17:53:29] Epoch [14/20], Batch [105/125], Loss: 0.1225
[2025-04-21 17:53:30] Epoch [14/20], Batch [108/125], Loss: 0.1154
[2025-04-21 17:53:31] Epoch [14/20], Batch [111/125], Loss: 0.1394
[2025-04-21 17:53:31] Epoch [14/20], Batch [114/125], Loss: 0.1205
[2025-04-21 17:53:32] Epoch [14/20], Batch [117/125], Loss: 0.1513
[2025-04-21 17:53:33] Epoch [14/20], Batch [120/125], Loss: 0.0934
[2025-04-21 17:53:34] Epoch [14/20], Batch [123/125], Loss: 0.1804

🎯 Sentiment Classification (情感识别)
Accuracy: 0.99325
Precision: 0.9850019546967005
Recall: 0.9965999740004964
F1 Score: 0.9907104580991244
Confusion Matrix:
 [[1195    0    1]
 [  31 5607   22]
 [   0    0 1144]]

📚 Topic Classification (主题识别)
Accuracy: 0.804625
Precision: 0.9331150808450908
Recall: 0.7965765102736089
F1 Score: 0.8583598816860742
[2025-04-21 17:53:48] Epoch [15/20], Batch [3/125], Loss: 0.1097
[2025-04-21 17:53:49] Epoch [15/20], Batch [6/125], Loss: 0.0952
[2025-04-21 17:53:49] Epoch [15/20], Batch [9/125], Loss: 0.1164
[2025-04-21 17:53:50] Epoch [15/20], Batch [12/125], Loss: 0.2518
[2025-04-21 17:53:51] Epoch [15/20], Batch [15/125], Loss: 0.1230
[2025-04-21 17:53:51] Epoch [15/20], Batch [18/125], Loss: 0.1475
[2025-04-21 17:53:52] Epoch [15/20], Batch [21/125], Loss: 0.1447
[2025-04-21 17:53:53] Epoch [15/20], Batch [24/125], Loss: 0.1273
[2025-04-21 17:53:54] Epoch [15/20], Batch [27/125], Loss: 0.1417
[2025-04-21 17:53:54] Epoch [15/20], Batch [30/125], Loss: 0.1847
[2025-04-21 17:53:55] Epoch [15/20], Batch [33/125], Loss: 0.1298
[2025-04-21 17:53:56] Epoch [15/20], Batch [36/125], Loss: 0.0999
[2025-04-21 17:53:57] Epoch [15/20], Batch [39/125], Loss: 0.1088
[2025-04-21 17:53:57] Epoch [15/20], Batch [42/125], Loss: 0.2166
[2025-04-21 17:53:58] Epoch [15/20], Batch [45/125], Loss: 0.1107
[2025-04-21 17:53:59] Epoch [15/20], Batch [48/125], Loss: 0.1728
[2025-04-21 17:53:59] Epoch [15/20], Batch [51/125], Loss: 0.1111
[2025-04-21 17:54:00] Epoch [15/20], Batch [54/125], Loss: 0.1844
[2025-04-21 17:54:01] Epoch [15/20], Batch [57/125], Loss: 0.1420
[2025-04-21 17:54:02] Epoch [15/20], Batch [60/125], Loss: 0.1950
[2025-04-21 17:54:02] Epoch [15/20], Batch [63/125], Loss: 0.1352
[2025-04-21 17:54:03] Epoch [15/20], Batch [66/125], Loss: 0.1141
[2025-04-21 17:54:04] Epoch [15/20], Batch [69/125], Loss: 0.1910
[2025-04-21 17:54:05] Epoch [15/20], Batch [72/125], Loss: 0.1292
[2025-04-21 17:54:05] Epoch [15/20], Batch [75/125], Loss: 0.1161
[2025-04-21 17:54:06] Epoch [15/20], Batch [78/125], Loss: 0.0974
[2025-04-21 17:54:07] Epoch [15/20], Batch [81/125], Loss: 0.1805
[2025-04-21 17:54:07] Epoch [15/20], Batch [84/125], Loss: 0.1662
[2025-04-21 17:54:08] Epoch [15/20], Batch [87/125], Loss: 0.1297
[2025-04-21 17:54:09] Epoch [15/20], Batch [90/125], Loss: 0.1380
[2025-04-21 17:54:10] Epoch [15/20], Batch [93/125], Loss: 0.1380
[2025-04-21 17:54:10] Epoch [15/20], Batch [96/125], Loss: 0.0930
[2025-04-21 17:54:11] Epoch [15/20], Batch [99/125], Loss: 0.1109
[2025-04-21 17:54:12] Epoch [15/20], Batch [102/125], Loss: 0.1762
[2025-04-21 17:54:13] Epoch [15/20], Batch [105/125], Loss: 0.1207
[2025-04-21 17:54:13] Epoch [15/20], Batch [108/125], Loss: 0.1160
[2025-04-21 17:54:14] Epoch [15/20], Batch [111/125], Loss: 0.1076
[2025-04-21 17:54:15] Epoch [15/20], Batch [114/125], Loss: 0.1727
[2025-04-21 17:54:16] Epoch [15/20], Batch [117/125], Loss: 0.1124
[2025-04-21 17:54:16] Epoch [15/20], Batch [120/125], Loss: 0.1335
[2025-04-21 17:54:17] Epoch [15/20], Batch [123/125], Loss: 0.1601

🎯 Sentiment Classification (情感识别)
Accuracy: 0.998
Precision: 0.9958984923969793
Recall: 0.9983856045117375
F1 Score: 0.9971377186624203
Confusion Matrix:
 [[1194    1    1]
 [   6 5647    7]
 [   0    1 1143]]

📚 Topic Classification (主题识别)
Accuracy: 0.819375
Precision: 0.9385000281241862
Recall: 0.8128195518360821
F1 Score: 0.8695801133574712
[2025-04-21 17:54:31] Epoch [16/20], Batch [3/125], Loss: 0.1043
[2025-04-21 17:54:32] Epoch [16/20], Batch [6/125], Loss: 0.1128
[2025-04-21 17:54:32] Epoch [16/20], Batch [9/125], Loss: 0.1642
[2025-04-21 17:54:33] Epoch [16/20], Batch [12/125], Loss: 0.1378
[2025-04-21 17:54:34] Epoch [16/20], Batch [15/125], Loss: 0.1245
[2025-04-21 17:54:35] Epoch [16/20], Batch [18/125], Loss: 0.1212
[2025-04-21 17:54:35] Epoch [16/20], Batch [21/125], Loss: 0.1772
[2025-04-21 17:54:36] Epoch [16/20], Batch [24/125], Loss: 0.1107
[2025-04-21 17:54:37] Epoch [16/20], Batch [27/125], Loss: 0.1315
[2025-04-21 17:54:37] Epoch [16/20], Batch [30/125], Loss: 0.1004
[2025-04-21 17:54:38] Epoch [16/20], Batch [33/125], Loss: 0.1228
[2025-04-21 17:54:39] Epoch [16/20], Batch [36/125], Loss: 0.1096
[2025-04-21 17:54:40] Epoch [16/20], Batch [39/125], Loss: 0.1187
[2025-04-21 17:54:40] Epoch [16/20], Batch [42/125], Loss: 0.0995
[2025-04-21 17:54:41] Epoch [16/20], Batch [45/125], Loss: 0.1934
[2025-04-21 17:54:42] Epoch [16/20], Batch [48/125], Loss: 0.1714
[2025-04-21 17:54:43] Epoch [16/20], Batch [51/125], Loss: 0.1810
[2025-04-21 17:54:43] Epoch [16/20], Batch [54/125], Loss: 0.1814
[2025-04-21 17:54:44] Epoch [16/20], Batch [57/125], Loss: 0.1329
[2025-04-21 17:54:45] Epoch [16/20], Batch [60/125], Loss: 0.1603
[2025-04-21 17:54:46] Epoch [16/20], Batch [63/125], Loss: 0.1197
[2025-04-21 17:54:46] Epoch [16/20], Batch [66/125], Loss: 0.1105
[2025-04-21 17:54:47] Epoch [16/20], Batch [69/125], Loss: 0.1028
[2025-04-21 17:54:48] Epoch [16/20], Batch [72/125], Loss: 0.1919
[2025-04-21 17:54:48] Epoch [16/20], Batch [75/125], Loss: 0.1593
[2025-04-21 17:54:49] Epoch [16/20], Batch [78/125], Loss: 0.1253
[2025-04-21 17:54:50] Epoch [16/20], Batch [81/125], Loss: 0.1809
[2025-04-21 17:54:51] Epoch [16/20], Batch [84/125], Loss: 0.1330
[2025-04-21 17:54:51] Epoch [16/20], Batch [87/125], Loss: 0.2173
[2025-04-21 17:54:52] Epoch [16/20], Batch [90/125], Loss: 0.1774
[2025-04-21 17:54:53] Epoch [16/20], Batch [93/125], Loss: 0.2155
[2025-04-21 17:54:53] Epoch [16/20], Batch [96/125], Loss: 0.1793
[2025-04-21 17:54:54] Epoch [16/20], Batch [99/125], Loss: 0.1182
[2025-04-21 17:54:55] Epoch [16/20], Batch [102/125], Loss: 0.1196
[2025-04-21 17:54:56] Epoch [16/20], Batch [105/125], Loss: 0.0919
[2025-04-21 17:54:56] Epoch [16/20], Batch [108/125], Loss: 0.1683
[2025-04-21 17:54:57] Epoch [16/20], Batch [111/125], Loss: 0.1010
[2025-04-21 17:54:58] Epoch [16/20], Batch [114/125], Loss: 0.1727
[2025-04-21 17:54:59] Epoch [16/20], Batch [117/125], Loss: 0.1149
[2025-04-21 17:54:59] Epoch [16/20], Batch [120/125], Loss: 0.1117
[2025-04-21 17:55:00] Epoch [16/20], Batch [123/125], Loss: 0.1122

🎯 Sentiment Classification (情感识别)
Accuracy: 0.999125
Precision: 0.9987112525246958
Recall: 0.9989029713564972
F1 Score: 0.998806332499746
Confusion Matrix:
 [[1195    1    0]
 [   4 5656    0]
 [   0    2 1142]]

📚 Topic Classification (主题识别)
Accuracy: 0.8325
Precision: 0.9430307132842701
Recall: 0.8313551057601763
F1 Score: 0.8830428394345937
[2025-04-21 17:55:14] Epoch [17/20], Batch [3/125], Loss: 0.1525
[2025-04-21 17:55:15] Epoch [17/20], Batch [6/125], Loss: 0.0936
[2025-04-21 17:55:16] Epoch [17/20], Batch [9/125], Loss: 0.1201
[2025-04-21 17:55:16] Epoch [17/20], Batch [12/125], Loss: 0.0964
[2025-04-21 17:55:17] Epoch [17/20], Batch [15/125], Loss: 0.1347
[2025-04-21 17:55:18] Epoch [17/20], Batch [18/125], Loss: 0.1519
[2025-04-21 17:55:18] Epoch [17/20], Batch [21/125], Loss: 0.0966
[2025-04-21 17:55:19] Epoch [17/20], Batch [24/125], Loss: 0.1691
[2025-04-21 17:55:20] Epoch [17/20], Batch [27/125], Loss: 0.1118
[2025-04-21 17:55:21] Epoch [17/20], Batch [30/125], Loss: 0.0958
[2025-04-21 17:55:21] Epoch [17/20], Batch [33/125], Loss: 0.1309
[2025-04-21 17:55:22] Epoch [17/20], Batch [36/125], Loss: 0.1326
[2025-04-21 17:55:23] Epoch [17/20], Batch [39/125], Loss: 0.1208
[2025-04-21 17:55:24] Epoch [17/20], Batch [42/125], Loss: 0.0979
[2025-04-21 17:55:24] Epoch [17/20], Batch [45/125], Loss: 0.1306
[2025-04-21 17:55:25] Epoch [17/20], Batch [48/125], Loss: 0.0931
[2025-04-21 17:55:26] Epoch [17/20], Batch [51/125], Loss: 0.0885
[2025-04-21 17:55:26] Epoch [17/20], Batch [54/125], Loss: 0.1022
[2025-04-21 17:55:27] Epoch [17/20], Batch [57/125], Loss: 0.0979
[2025-04-21 17:55:28] Epoch [17/20], Batch [60/125], Loss: 0.1350
[2025-04-21 17:55:29] Epoch [17/20], Batch [63/125], Loss: 0.1214
[2025-04-21 17:55:29] Epoch [17/20], Batch [66/125], Loss: 0.1441
[2025-04-21 17:55:30] Epoch [17/20], Batch [69/125], Loss: 0.0775
[2025-04-21 17:55:31] Epoch [17/20], Batch [72/125], Loss: 0.1297
[2025-04-21 17:55:31] Epoch [17/20], Batch [75/125], Loss: 0.0874
[2025-04-21 17:55:32] Epoch [17/20], Batch [78/125], Loss: 0.0996
[2025-04-21 17:55:33] Epoch [17/20], Batch [81/125], Loss: 0.1480
[2025-04-21 17:55:34] Epoch [17/20], Batch [84/125], Loss: 0.0957
[2025-04-21 17:55:34] Epoch [17/20], Batch [87/125], Loss: 0.0977
[2025-04-21 17:55:35] Epoch [17/20], Batch [90/125], Loss: 0.1079
[2025-04-21 17:55:36] Epoch [17/20], Batch [93/125], Loss: 0.0727
[2025-04-21 17:55:37] Epoch [17/20], Batch [96/125], Loss: 0.1349
[2025-04-21 17:55:37] Epoch [17/20], Batch [99/125], Loss: 0.1924
[2025-04-21 17:55:38] Epoch [17/20], Batch [102/125], Loss: 0.1006
[2025-04-21 17:55:39] Epoch [17/20], Batch [105/125], Loss: 0.1083
[2025-04-21 17:55:39] Epoch [17/20], Batch [108/125], Loss: 0.1455
[2025-04-21 17:55:40] Epoch [17/20], Batch [111/125], Loss: 0.1052
[2025-04-21 17:55:41] Epoch [17/20], Batch [114/125], Loss: 0.1241
[2025-04-21 17:55:42] Epoch [17/20], Batch [117/125], Loss: 0.0773
[2025-04-21 17:55:42] Epoch [17/20], Batch [120/125], Loss: 0.0929
[2025-04-21 17:55:43] Epoch [17/20], Batch [123/125], Loss: 0.0810

🎯 Sentiment Classification (情感识别)
Accuracy: 0.998625
Precision: 0.9970687954106675
Recall: 0.9989125510634191
F1 Score: 0.9979864738889024
Confusion Matrix:
 [[1194    1    1]
 [   2 5651    7]
 [   0    0 1144]]

📚 Topic Classification (主题识别)
Accuracy: 0.8385
Precision: 0.9439948709037334
Recall: 0.8368895872506925
F1 Score: 0.8865678981039606
[2025-04-21 17:55:57] Epoch [18/20], Batch [3/125], Loss: 0.0875
[2025-04-21 17:55:58] Epoch [18/20], Batch [6/125], Loss: 0.1171
[2025-04-21 17:55:59] Epoch [18/20], Batch [9/125], Loss: 0.1210
[2025-04-21 17:55:59] Epoch [18/20], Batch [12/125], Loss: 0.0961
[2025-04-21 17:56:00] Epoch [18/20], Batch [15/125], Loss: 0.1067
[2025-04-21 17:56:01] Epoch [18/20], Batch [18/125], Loss: 0.0941
[2025-04-21 17:56:02] Epoch [18/20], Batch [21/125], Loss: 0.1049
[2025-04-21 17:56:02] Epoch [18/20], Batch [24/125], Loss: 0.1393
[2025-04-21 17:56:03] Epoch [18/20], Batch [27/125], Loss: 0.1148
[2025-04-21 17:56:04] Epoch [18/20], Batch [30/125], Loss: 0.0917
[2025-04-21 17:56:05] Epoch [18/20], Batch [33/125], Loss: 0.1357
[2025-04-21 17:56:05] Epoch [18/20], Batch [36/125], Loss: 0.1370
[2025-04-21 17:56:06] Epoch [18/20], Batch [39/125], Loss: 0.0688
[2025-04-21 17:56:07] Epoch [18/20], Batch [42/125], Loss: 0.0837
[2025-04-21 17:56:08] Epoch [18/20], Batch [45/125], Loss: 0.0768
[2025-04-21 17:56:08] Epoch [18/20], Batch [48/125], Loss: 0.1163
[2025-04-21 17:56:09] Epoch [18/20], Batch [51/125], Loss: 0.1145
[2025-04-21 17:56:10] Epoch [18/20], Batch [54/125], Loss: 0.0883
[2025-04-21 17:56:10] Epoch [18/20], Batch [57/125], Loss: 0.0906
[2025-04-21 17:56:11] Epoch [18/20], Batch [60/125], Loss: 0.0683
[2025-04-21 17:56:12] Epoch [18/20], Batch [63/125], Loss: 0.0960
[2025-04-21 17:56:13] Epoch [18/20], Batch [66/125], Loss: 0.1364
[2025-04-21 17:56:13] Epoch [18/20], Batch [69/125], Loss: 0.0815
[2025-04-21 17:56:14] Epoch [18/20], Batch [72/125], Loss: 0.0928
[2025-04-21 17:56:15] Epoch [18/20], Batch [75/125], Loss: 0.0921
[2025-04-21 17:56:15] Epoch [18/20], Batch [78/125], Loss: 0.1388
[2025-04-21 17:56:16] Epoch [18/20], Batch [81/125], Loss: 0.0888
[2025-04-21 17:56:17] Epoch [18/20], Batch [84/125], Loss: 0.0824
[2025-04-21 17:56:18] Epoch [18/20], Batch [87/125], Loss: 0.1004
[2025-04-21 17:56:18] Epoch [18/20], Batch [90/125], Loss: 0.1158
[2025-04-21 17:56:19] Epoch [18/20], Batch [93/125], Loss: 0.0985
[2025-04-21 17:56:20] Epoch [18/20], Batch [96/125], Loss: 0.1124
[2025-04-21 17:56:21] Epoch [18/20], Batch [99/125], Loss: 0.0714
[2025-04-21 17:56:21] Epoch [18/20], Batch [102/125], Loss: 0.0703
[2025-04-21 17:56:22] Epoch [18/20], Batch [105/125], Loss: 0.0796
[2025-04-21 17:56:23] Epoch [18/20], Batch [108/125], Loss: 0.1138
[2025-04-21 17:56:23] Epoch [18/20], Batch [111/125], Loss: 0.1675
[2025-04-21 17:56:24] Epoch [18/20], Batch [114/125], Loss: 0.0865
[2025-04-21 17:56:25] Epoch [18/20], Batch [117/125], Loss: 0.1430
[2025-04-21 17:56:26] Epoch [18/20], Batch [120/125], Loss: 0.1064
[2025-04-21 17:56:26] Epoch [18/20], Batch [123/125], Loss: 0.0946

🎯 Sentiment Classification (情感识别)
Accuracy: 0.999
Precision: 0.9986030301668753
Recall: 0.9984297875525406
F1 Score: 0.998513933283828
Confusion Matrix:
 [[1191    4    1]
 [   0 5657    3]
 [   0    0 1144]]

📚 Topic Classification (主题识别)
Accuracy: 0.853125
Precision: 0.9424247292651711
Recall: 0.8643074991235233
F1 Score: 0.9009306769573179
[2025-04-21 17:56:41] Epoch [19/20], Batch [3/125], Loss: 0.0821
[2025-04-21 17:56:41] Epoch [19/20], Batch [6/125], Loss: 0.0770
[2025-04-21 17:56:42] Epoch [19/20], Batch [9/125], Loss: 0.1028
[2025-04-21 17:56:43] Epoch [19/20], Batch [12/125], Loss: 0.1924
[2025-04-21 17:56:43] Epoch [19/20], Batch [15/125], Loss: 0.0972
[2025-04-21 17:56:44] Epoch [19/20], Batch [18/125], Loss: 0.0846
[2025-04-21 17:56:45] Epoch [19/20], Batch [21/125], Loss: 0.1165
[2025-04-21 17:56:46] Epoch [19/20], Batch [24/125], Loss: 0.0957
[2025-04-21 17:56:46] Epoch [19/20], Batch [27/125], Loss: 0.0601
[2025-04-21 17:56:47] Epoch [19/20], Batch [30/125], Loss: 0.1130
[2025-04-21 17:56:48] Epoch [19/20], Batch [33/125], Loss: 0.1278
[2025-04-21 17:56:48] Epoch [19/20], Batch [36/125], Loss: 0.0976
[2025-04-21 17:56:49] Epoch [19/20], Batch [39/125], Loss: 0.0768
[2025-04-21 17:56:50] Epoch [19/20], Batch [42/125], Loss: 0.0755
[2025-04-21 17:56:51] Epoch [19/20], Batch [45/125], Loss: 0.0962
[2025-04-21 17:56:51] Epoch [19/20], Batch [48/125], Loss: 0.0959
[2025-04-21 17:56:52] Epoch [19/20], Batch [51/125], Loss: 0.0910
[2025-04-21 17:56:53] Epoch [19/20], Batch [54/125], Loss: 0.0796
[2025-04-21 17:56:54] Epoch [19/20], Batch [57/125], Loss: 0.0902
[2025-04-21 17:56:54] Epoch [19/20], Batch [60/125], Loss: 0.1547
[2025-04-21 17:56:55] Epoch [19/20], Batch [63/125], Loss: 0.0943
[2025-04-21 17:56:56] Epoch [19/20], Batch [66/125], Loss: 0.0914
[2025-04-21 17:56:56] Epoch [19/20], Batch [69/125], Loss: 0.0623
[2025-04-21 17:56:57] Epoch [19/20], Batch [72/125], Loss: 0.1369
[2025-04-21 17:56:58] Epoch [19/20], Batch [75/125], Loss: 0.1137
[2025-04-21 17:56:59] Epoch [19/20], Batch [78/125], Loss: 0.0978
[2025-04-21 17:56:59] Epoch [19/20], Batch [81/125], Loss: 0.0665
[2025-04-21 17:57:00] Epoch [19/20], Batch [84/125], Loss: 0.1158
[2025-04-21 17:57:01] Epoch [19/20], Batch [87/125], Loss: 0.1106
[2025-04-21 17:57:01] Epoch [19/20], Batch [90/125], Loss: 0.0838
[2025-04-21 17:57:02] Epoch [19/20], Batch [93/125], Loss: 0.1074
[2025-04-21 17:57:03] Epoch [19/20], Batch [96/125], Loss: 0.0866
[2025-04-21 17:57:04] Epoch [19/20], Batch [99/125], Loss: 0.0691
[2025-04-21 17:57:04] Epoch [19/20], Batch [102/125], Loss: 0.1161
[2025-04-21 17:57:05] Epoch [19/20], Batch [105/125], Loss: 0.0927
[2025-04-21 17:57:06] Epoch [19/20], Batch [108/125], Loss: 0.0764
[2025-04-21 17:57:07] Epoch [19/20], Batch [111/125], Loss: 0.0591
[2025-04-21 17:57:07] Epoch [19/20], Batch [114/125], Loss: 0.1079
[2025-04-21 17:57:08] Epoch [19/20], Batch [117/125], Loss: 0.1640
[2025-04-21 17:57:09] Epoch [19/20], Batch [120/125], Loss: 0.1184
[2025-04-21 17:57:09] Epoch [19/20], Batch [123/125], Loss: 0.1194

🎯 Sentiment Classification (情感识别)
Accuracy: 0.997375
Precision: 0.9942302520917975
Recall: 0.9983236229126535
F1 Score: 0.9962598971967364
Confusion Matrix:
 [[1194    1    1]
 [   4 5641   15]
 [   0    0 1144]]

📚 Topic Classification (主题识别)
Accuracy: 0.86625
Precision: 0.9443804019932504
Recall: 0.8778156854106353
F1 Score: 0.9089585029788514
[2025-04-21 17:57:23] Epoch [20/20], Batch [3/125], Loss: 0.0914
[2025-04-21 17:57:24] Epoch [20/20], Batch [6/125], Loss: 0.0709
[2025-04-21 17:57:25] Epoch [20/20], Batch [9/125], Loss: 0.0888
[2025-04-21 17:57:26] Epoch [20/20], Batch [12/125], Loss: 0.1019
[2025-04-21 17:57:26] Epoch [20/20], Batch [15/125], Loss: 0.0684
[2025-04-21 17:57:27] Epoch [20/20], Batch [18/125], Loss: 0.0949
[2025-04-21 17:57:28] Epoch [20/20], Batch [21/125], Loss: 0.1096
[2025-04-21 17:57:28] Epoch [20/20], Batch [24/125], Loss: 0.0962
[2025-04-21 17:57:29] Epoch [20/20], Batch [27/125], Loss: 0.1003
[2025-04-21 17:57:30] Epoch [20/20], Batch [30/125], Loss: 0.0966
[2025-04-21 17:57:31] Epoch [20/20], Batch [33/125], Loss: 0.1130
[2025-04-21 17:57:31] Epoch [20/20], Batch [36/125], Loss: 0.0934
[2025-04-21 17:57:32] Epoch [20/20], Batch [39/125], Loss: 0.1198
[2025-04-21 17:57:33] Epoch [20/20], Batch [42/125], Loss: 0.0929
[2025-04-21 17:57:34] Epoch [20/20], Batch [45/125], Loss: 0.1250
[2025-04-21 17:57:34] Epoch [20/20], Batch [48/125], Loss: 0.1104
[2025-04-21 17:57:35] Epoch [20/20], Batch [51/125], Loss: 0.0878
[2025-04-21 17:57:36] Epoch [20/20], Batch [54/125], Loss: 0.1598
[2025-04-21 17:57:36] Epoch [20/20], Batch [57/125], Loss: 0.1132
[2025-04-21 17:57:37] Epoch [20/20], Batch [60/125], Loss: 0.1092
[2025-04-21 17:57:38] Epoch [20/20], Batch [63/125], Loss: 0.0825
[2025-04-21 17:57:39] Epoch [20/20], Batch [66/125], Loss: 0.0806
[2025-04-21 17:57:39] Epoch [20/20], Batch [69/125], Loss: 0.0498
[2025-04-21 17:57:40] Epoch [20/20], Batch [72/125], Loss: 0.1931
[2025-04-21 17:57:41] Epoch [20/20], Batch [75/125], Loss: 0.1099
[2025-04-21 17:57:41] Epoch [20/20], Batch [78/125], Loss: 0.0829
[2025-04-21 17:57:42] Epoch [20/20], Batch [81/125], Loss: 0.1164
[2025-04-21 17:57:43] Epoch [20/20], Batch [84/125], Loss: 0.1011
[2025-04-21 17:57:44] Epoch [20/20], Batch [87/125], Loss: 0.1021
[2025-04-21 17:57:44] Epoch [20/20], Batch [90/125], Loss: 0.1252
[2025-04-21 17:57:45] Epoch [20/20], Batch [93/125], Loss: 0.1124
[2025-04-21 17:57:46] Epoch [20/20], Batch [96/125], Loss: 0.1247
[2025-04-21 17:57:47] Epoch [20/20], Batch [99/125], Loss: 0.0911
[2025-04-21 17:57:47] Epoch [20/20], Batch [102/125], Loss: 0.1044
[2025-04-21 17:57:48] Epoch [20/20], Batch [105/125], Loss: 0.0896
[2025-04-21 17:57:49] Epoch [20/20], Batch [108/125], Loss: 0.1206
[2025-04-21 17:57:49] Epoch [20/20], Batch [111/125], Loss: 0.1616
[2025-04-21 17:57:50] Epoch [20/20], Batch [114/125], Loss: 0.0812
[2025-04-21 17:57:51] Epoch [20/20], Batch [117/125], Loss: 0.0843
[2025-04-21 17:57:52] Epoch [20/20], Batch [120/125], Loss: 0.0619
[2025-04-21 17:57:52] Epoch [20/20], Batch [123/125], Loss: 0.1168

🎯 Sentiment Classification (情感识别)
Accuracy: 0.997625
Precision: 0.9949546248330021
Recall: 0.9984287400518772
F1 Score: 0.9966780978763975
Confusion Matrix:
 [[1195    1    0]
 [  15 5643    2]
 [   1    0 1143]]

📚 Topic Classification (主题识别)
Accuracy: 0.87525
Precision: 0.9455379531456749
Recall: 0.8865627178999602
F1 Score: 0.9144450924302557
📁 创建目录成功: plots
