[2025-04-23 22:48:23] 开始训练
config: device=cuda, lr=1e-05, epochs=15, batch_size=128, task=sentiment, max_len=128, weight_decay=1e-05
[2025-04-23 22:48:28] Epoch [1/15], Complete [5/63], Loss: 1.2937
[2025-04-23 22:48:32] Epoch [1/15], Complete [10/63], Loss: 1.0126
[2025-04-23 22:48:37] Epoch [1/15], Complete [15/63], Loss: 1.0277
[2025-04-23 22:48:41] Epoch [1/15], Complete [20/63], Loss: 0.8859
[2025-04-23 22:48:45] Epoch [1/15], Complete [25/63], Loss: 0.9814
[2025-04-23 22:48:49] Epoch [1/15], Complete [30/63], Loss: 0.9068
[2025-04-23 22:48:53] Epoch [1/15], Complete [35/63], Loss: 0.7504
[2025-04-23 22:48:58] Epoch [1/15], Complete [40/63], Loss: 0.8548
[2025-04-23 22:49:02] Epoch [1/15], Complete [45/63], Loss: 0.8756
[2025-04-23 22:49:06] Epoch [1/15], Complete [50/63], Loss: 0.9239
[2025-04-23 22:49:10] Epoch [1/15], Complete [55/63], Loss: 0.7032
[2025-04-23 22:49:14] Epoch [1/15], Complete [60/63], Loss: 0.7506

🎯 Sentiment Classification (情感识别)
Accuracy: 0.6871466264606106
Precision: 0.4040864572779466
Recall: 0.34122974820957336
F1 Score: 0.28964234433656083
Confusion Matrix:
 [[   0  454    0]
 [   0 1812   10]
 [   0  366   11]]
[2025-04-23 22:49:27] Epoch [2/15], Complete [5/63], Loss: 0.7192
[2025-04-23 22:49:31] Epoch [2/15], Complete [10/63], Loss: 0.7513
[2025-04-23 22:49:36] Epoch [2/15], Complete [15/63], Loss: 0.6820
[2025-04-23 22:49:40] Epoch [2/15], Complete [20/63], Loss: 0.5993
[2025-04-23 22:49:44] Epoch [2/15], Complete [25/63], Loss: 0.6254
[2025-04-23 22:49:48] Epoch [2/15], Complete [30/63], Loss: 0.6850
[2025-04-23 22:49:52] Epoch [2/15], Complete [35/63], Loss: 0.6468
[2025-04-23 22:49:57] Epoch [2/15], Complete [40/63], Loss: 0.6716
[2025-04-23 22:50:01] Epoch [2/15], Complete [45/63], Loss: 0.7022
[2025-04-23 22:50:05] Epoch [2/15], Complete [50/63], Loss: 0.6152
[2025-04-23 22:50:09] Epoch [2/15], Complete [55/63], Loss: 0.6507
[2025-04-23 22:50:13] Epoch [2/15], Complete [60/63], Loss: 0.6594

🎯 Sentiment Classification (情感识别)
Accuracy: 0.712401055408971
Precision: 0.6069065731063432
Recall: 0.5125704865332917
F1 Score: 0.5376412846975543
Confusion Matrix:
 [[ 183  254   17]
 [ 146 1613   63]
 [  21  262   94]]
[2025-04-23 22:50:26] Epoch [3/15], Complete [5/63], Loss: 0.7229
[2025-04-23 22:50:30] Epoch [3/15], Complete [10/63], Loss: 0.5769
[2025-04-23 22:50:34] Epoch [3/15], Complete [15/63], Loss: 0.6163
[2025-04-23 22:50:39] Epoch [3/15], Complete [20/63], Loss: 0.6109
[2025-04-23 22:50:43] Epoch [3/15], Complete [25/63], Loss: 0.5664
[2025-04-23 22:50:47] Epoch [3/15], Complete [30/63], Loss: 0.6317
[2025-04-23 22:50:51] Epoch [3/15], Complete [35/63], Loss: 0.5840
[2025-04-23 22:50:55] Epoch [3/15], Complete [40/63], Loss: 0.6029
[2025-04-23 22:51:00] Epoch [3/15], Complete [45/63], Loss: 0.5933
[2025-04-23 22:51:04] Epoch [3/15], Complete [50/63], Loss: 0.5910
[2025-04-23 22:51:08] Epoch [3/15], Complete [55/63], Loss: 0.5944
[2025-04-23 22:51:12] Epoch [3/15], Complete [60/63], Loss: 0.6062

🎯 Sentiment Classification (情感识别)
Accuracy: 0.7120241236336223
Precision: 0.6382464473920034
Recall: 0.4654201070346639
F1 Score: 0.4852486465599768
Confusion Matrix:
 [[  66  372   16]
 [  31 1704   87]
 [   5  253  119]]
[2025-04-23 22:51:25] Epoch [4/15], Complete [5/63], Loss: 0.4550
[2025-04-23 22:51:29] Epoch [4/15], Complete [10/63], Loss: 0.5783
[2025-04-23 22:51:33] Epoch [4/15], Complete [15/63], Loss: 0.4724
[2025-04-23 22:51:38] Epoch [4/15], Complete [20/63], Loss: 0.5901
[2025-04-23 22:51:42] Epoch [4/15], Complete [25/63], Loss: 0.4954
[2025-04-23 22:51:46] Epoch [4/15], Complete [30/63], Loss: 0.5931
[2025-04-23 22:51:50] Epoch [4/15], Complete [35/63], Loss: 0.5546
[2025-04-23 22:51:54] Epoch [4/15], Complete [40/63], Loss: 0.5043
[2025-04-23 22:51:58] Epoch [4/15], Complete [45/63], Loss: 0.5750
[2025-04-23 22:52:03] Epoch [4/15], Complete [50/63], Loss: 0.5681
[2025-04-23 22:52:07] Epoch [4/15], Complete [55/63], Loss: 0.4626
[2025-04-23 22:52:11] Epoch [4/15], Complete [60/63], Loss: 0.4052

🎯 Sentiment Classification (情感识别)
Accuracy: 0.7090086694308331
Precision: 0.6025755150510329
Recall: 0.5892224458241141
F1 Score: 0.5953888963005203
Confusion Matrix:
 [[ 222  208   24]
 [ 198 1484  140]
 [  27  175  175]]
[2025-04-23 22:52:24] Epoch [5/15], Complete [5/63], Loss: 0.4636
[2025-04-23 22:52:28] Epoch [5/15], Complete [10/63], Loss: 0.3964
[2025-04-23 22:52:32] Epoch [5/15], Complete [15/63], Loss: 0.4934
[2025-04-23 22:52:36] Epoch [5/15], Complete [20/63], Loss: 0.4267
[2025-04-23 22:52:41] Epoch [5/15], Complete [25/63], Loss: 0.3905
[2025-04-23 22:52:45] Epoch [5/15], Complete [30/63], Loss: 0.4219
[2025-04-23 22:52:49] Epoch [5/15], Complete [35/63], Loss: 0.4682
[2025-04-23 22:52:53] Epoch [5/15], Complete [40/63], Loss: 0.5769
[2025-04-23 22:52:57] Epoch [5/15], Complete [45/63], Loss: 0.4826
[2025-04-23 22:53:02] Epoch [5/15], Complete [50/63], Loss: 0.4642
[2025-04-23 22:53:06] Epoch [5/15], Complete [55/63], Loss: 0.3814
[2025-04-23 22:53:10] Epoch [5/15], Complete [60/63], Loss: 0.5103

🎯 Sentiment Classification (情感识别)
Accuracy: 0.7014700339238598
Precision: 0.596644136690216
Recall: 0.5890738315808511
F1 Score: 0.5916990333369022
Confusion Matrix:
 [[ 236  194   24]
 [ 233 1456  133]
 [  26  182  169]]
[2025-04-23 22:53:23] Epoch [6/15], Complete [5/63], Loss: 0.3620
[2025-04-23 22:53:27] Epoch [6/15], Complete [10/63], Loss: 0.3249
[2025-04-23 22:53:31] Epoch [6/15], Complete [15/63], Loss: 0.2746
[2025-04-23 22:53:35] Epoch [6/15], Complete [20/63], Loss: 0.3819
[2025-04-23 22:53:39] Epoch [6/15], Complete [25/63], Loss: 0.3527
[2025-04-23 22:53:44] Epoch [6/15], Complete [30/63], Loss: 0.4161
[2025-04-23 22:53:48] Epoch [6/15], Complete [35/63], Loss: 0.4286
[2025-04-23 22:53:52] Epoch [6/15], Complete [40/63], Loss: 0.3734
[2025-04-23 22:53:56] Epoch [6/15], Complete [45/63], Loss: 0.5374
[2025-04-23 22:54:01] Epoch [6/15], Complete [50/63], Loss: 0.5006
[2025-04-23 22:54:05] Epoch [6/15], Complete [55/63], Loss: 0.4094
[2025-04-23 22:54:09] Epoch [6/15], Complete [60/63], Loss: 0.4506

🎯 Sentiment Classification (情感识别)
Accuracy: 0.7056162834526951
Precision: 0.5991901598814379
Recall: 0.5824688051717123
F1 Score: 0.5896777712169357
Confusion Matrix:
 [[ 228  203   23]
 [ 208 1481  133]
 [  23  191  163]]
[2025-04-23 22:54:22] Epoch [7/15], Complete [5/63], Loss: 0.4214
[2025-04-23 22:54:26] Epoch [7/15], Complete [10/63], Loss: 0.3058
[2025-04-23 22:54:30] Epoch [7/15], Complete [15/63], Loss: 0.3395
[2025-04-23 22:54:34] Epoch [7/15], Complete [20/63], Loss: 0.2890
[2025-04-23 22:54:39] Epoch [7/15], Complete [25/63], Loss: 0.3191
[2025-04-23 22:54:43] Epoch [7/15], Complete [30/63], Loss: 0.3496
[2025-04-23 22:54:47] Epoch [7/15], Complete [35/63], Loss: 0.3168
[2025-04-23 22:54:51] Epoch [7/15], Complete [40/63], Loss: 0.3349
[2025-04-23 22:54:55] Epoch [7/15], Complete [45/63], Loss: 0.2711
[2025-04-23 22:55:00] Epoch [7/15], Complete [50/63], Loss: 0.3424
[2025-04-23 22:55:04] Epoch [7/15], Complete [55/63], Loss: 0.2504
[2025-04-23 22:55:08] Epoch [7/15], Complete [60/63], Loss: 0.3263

🎯 Sentiment Classification (情感识别)
Accuracy: 0.6928006030908406
Precision: 0.5826405900553798
Recall: 0.566110239530767
F1 Score: 0.5687150015801844
Confusion Matrix:
 [[ 160  265   29]
 [ 142 1476  204]
 [  13  162  202]]
[2025-04-23 22:55:21] Epoch [8/15], Complete [5/63], Loss: 0.2596
[2025-04-23 22:55:25] Epoch [8/15], Complete [10/63], Loss: 0.2234
[2025-04-23 22:55:29] Epoch [8/15], Complete [15/63], Loss: 0.2949
[2025-04-23 22:55:33] Epoch [8/15], Complete [20/63], Loss: 0.2050
[2025-04-23 22:55:38] Epoch [8/15], Complete [25/63], Loss: 0.2472
[2025-04-23 22:55:42] Epoch [8/15], Complete [30/63], Loss: 0.2339
[2025-04-23 22:55:46] Epoch [8/15], Complete [35/63], Loss: 0.2389
[2025-04-23 22:55:50] Epoch [8/15], Complete [40/63], Loss: 0.3093
[2025-04-23 22:55:54] Epoch [8/15], Complete [45/63], Loss: 0.1889
[2025-04-23 22:55:58] Epoch [8/15], Complete [50/63], Loss: 0.1756
[2025-04-23 22:56:03] Epoch [8/15], Complete [55/63], Loss: 0.3544
[2025-04-23 22:56:07] Epoch [8/15], Complete [60/63], Loss: 0.2887

🎯 Sentiment Classification (情感识别)
Accuracy: 0.6999623068224652
Precision: 0.591226873274854
Recall: 0.565691589372317
F1 Score: 0.5769431839050266
Confusion Matrix:
 [[ 200  232   22]
 [ 198 1492  132]
 [  21  191  165]]
[2025-04-23 22:56:20] Epoch [9/15], Complete [5/63], Loss: 0.2405
[2025-04-23 22:56:24] Epoch [9/15], Complete [10/63], Loss: 0.1903
[2025-04-23 22:56:28] Epoch [9/15], Complete [15/63], Loss: 0.1722
[2025-04-23 22:56:32] Epoch [9/15], Complete [20/63], Loss: 0.2113
[2025-04-23 22:56:36] Epoch [9/15], Complete [25/63], Loss: 0.1788
[2025-04-23 22:56:41] Epoch [9/15], Complete [30/63], Loss: 0.1474
[2025-04-23 22:56:45] Epoch [9/15], Complete [35/63], Loss: 0.2156
[2025-04-23 22:56:49] Epoch [9/15], Complete [40/63], Loss: 0.2020
[2025-04-23 22:56:53] Epoch [9/15], Complete [45/63], Loss: 0.1620
[2025-04-23 22:56:57] Epoch [9/15], Complete [50/63], Loss: 0.1714
[2025-04-23 22:57:02] Epoch [9/15], Complete [55/63], Loss: 0.2034
[2025-04-23 22:57:06] Epoch [9/15], Complete [60/63], Loss: 0.2682

🎯 Sentiment Classification (情感识别)
Accuracy: 0.6992084432717678
Precision: 0.5854420624418083
Recall: 0.5372111633184252
F1 Score: 0.5535761809713905
Confusion Matrix:
 [[ 149  279   26]
 [ 129 1541  152]
 [  13  199  165]]
[2025-04-23 22:57:19] Epoch [10/15], Complete [5/63], Loss: 0.1747
[2025-04-23 22:57:23] Epoch [10/15], Complete [10/63], Loss: 0.1444
[2025-04-23 22:57:27] Epoch [10/15], Complete [15/63], Loss: 0.0586
[2025-04-23 22:57:31] Epoch [10/15], Complete [20/63], Loss: 0.1441
[2025-04-23 22:57:36] Epoch [10/15], Complete [25/63], Loss: 0.2921
[2025-04-23 22:57:40] Epoch [10/15], Complete [30/63], Loss: 0.0738
[2025-04-23 22:57:44] Epoch [10/15], Complete [35/63], Loss: 0.1532
[2025-04-23 22:57:48] Epoch [10/15], Complete [40/63], Loss: 0.2090
[2025-04-23 22:57:52] Epoch [10/15], Complete [45/63], Loss: 0.2399
[2025-04-23 22:57:57] Epoch [10/15], Complete [50/63], Loss: 0.1346
[2025-04-23 22:58:01] Epoch [10/15], Complete [55/63], Loss: 0.0710
[2025-04-23 22:58:05] Epoch [10/15], Complete [60/63], Loss: 0.1976

🎯 Sentiment Classification (情感识别)
Accuracy: 0.6988315114964192
Precision: 0.5873104381938435
Recall: 0.5166483909926797
F1 Score: 0.5400525321261255
Confusion Matrix:
 [[ 168  268   18]
 [ 168 1565   89]
 [  17  239  121]]
[2025-04-23 22:58:18] Epoch [11/15], Complete [5/63], Loss: 0.0893
[2025-04-23 22:58:22] Epoch [11/15], Complete [10/63], Loss: 0.1066
[2025-04-23 22:58:27] Epoch [11/15], Complete [15/63], Loss: 0.1149
[2025-04-23 22:58:31] Epoch [11/15], Complete [20/63], Loss: 0.1820
[2025-04-23 22:58:35] Epoch [11/15], Complete [25/63], Loss: 0.2644
[2025-04-23 22:58:39] Epoch [11/15], Complete [30/63], Loss: 0.0844
[2025-04-23 22:58:43] Epoch [11/15], Complete [35/63], Loss: 0.1133
[2025-04-23 22:58:48] Epoch [11/15], Complete [40/63], Loss: 0.0610
[2025-04-23 22:58:52] Epoch [11/15], Complete [45/63], Loss: 0.1196
[2025-04-23 22:58:56] Epoch [11/15], Complete [50/63], Loss: 0.0540
[2025-04-23 22:59:00] Epoch [11/15], Complete [55/63], Loss: 0.0836
[2025-04-23 22:59:04] Epoch [11/15], Complete [60/63], Loss: 0.0940

🎯 Sentiment Classification (情感识别)
Accuracy: 0.7003392385978138
Precision: 0.5873447220054276
Recall: 0.5383197715300678
F1 Score: 0.5573661809921971
Confusion Matrix:
 [[ 178  254   22]
 [ 166 1537  119]
 [  17  217  143]]
[2025-04-23 22:59:17] Epoch [12/15], Complete [5/63], Loss: 0.1011
[2025-04-23 22:59:21] Epoch [12/15], Complete [10/63], Loss: 0.1552
[2025-04-23 22:59:26] Epoch [12/15], Complete [15/63], Loss: 0.0487
[2025-04-23 22:59:30] Epoch [12/15], Complete [20/63], Loss: 0.1079
[2025-04-23 22:59:34] Epoch [12/15], Complete [25/63], Loss: 0.1644
[2025-04-23 22:59:38] Epoch [12/15], Complete [30/63], Loss: 0.0823
[2025-04-23 22:59:42] Epoch [12/15], Complete [35/63], Loss: 0.1176
[2025-04-23 22:59:47] Epoch [12/15], Complete [40/63], Loss: 0.0839
[2025-04-23 22:59:51] Epoch [12/15], Complete [45/63], Loss: 0.0666
[2025-04-23 22:59:55] Epoch [12/15], Complete [50/63], Loss: 0.1528
[2025-04-23 22:59:59] Epoch [12/15], Complete [55/63], Loss: 0.0296
[2025-04-23 23:00:04] Epoch [12/15], Complete [60/63], Loss: 0.0839

🎯 Sentiment Classification (情感识别)
Accuracy: 0.683377308707124
Precision: 0.5719670315247102
Recall: 0.5812849192859708
F1 Score: 0.5756979152238076
Confusion Matrix:
 [[ 206  215   33]
 [ 202 1413  207]
 [  22  161  194]]
[2025-04-23 23:00:17] Epoch [13/15], Complete [5/63], Loss: 0.0958
[2025-04-23 23:00:21] Epoch [13/15], Complete [10/63], Loss: 0.0688
[2025-04-23 23:00:25] Epoch [13/15], Complete [15/63], Loss: 0.0504
[2025-04-23 23:00:29] Epoch [13/15], Complete [20/63], Loss: 0.0654
[2025-04-23 23:00:33] Epoch [13/15], Complete [25/63], Loss: 0.1399
[2025-04-23 23:00:37] Epoch [13/15], Complete [30/63], Loss: 0.0788
[2025-04-23 23:00:42] Epoch [13/15], Complete [35/63], Loss: 0.0873
[2025-04-23 23:00:46] Epoch [13/15], Complete [40/63], Loss: 0.0892
[2025-04-23 23:00:50] Epoch [13/15], Complete [45/63], Loss: 0.0446
[2025-04-23 23:00:54] Epoch [13/15], Complete [50/63], Loss: 0.1069
[2025-04-23 23:00:58] Epoch [13/15], Complete [55/63], Loss: 0.0431
[2025-04-23 23:01:03] Epoch [13/15], Complete [60/63], Loss: 0.0681

🎯 Sentiment Classification (情感识别)
Accuracy: 0.6890312853373539
Precision: 0.5715603045962044
Recall: 0.5494663955977758
F1 Score: 0.5591792015107789
Confusion Matrix:
 [[ 198  229   27]
 [ 202 1479  141]
 [  24  202  151]]
[2025-04-23 23:01:16] Epoch [14/15], Complete [5/63], Loss: 0.0849
[2025-04-23 23:01:20] Epoch [14/15], Complete [10/63], Loss: 0.0475
[2025-04-23 23:01:24] Epoch [14/15], Complete [15/63], Loss: 0.1222
[2025-04-23 23:01:28] Epoch [14/15], Complete [20/63], Loss: 0.1717
[2025-04-23 23:01:33] Epoch [14/15], Complete [25/63], Loss: 0.0765
[2025-04-23 23:01:37] Epoch [14/15], Complete [30/63], Loss: 0.0980
[2025-04-23 23:01:41] Epoch [14/15], Complete [35/63], Loss: 0.0670
[2025-04-23 23:01:45] Epoch [14/15], Complete [40/63], Loss: 0.0524
[2025-04-23 23:01:49] Epoch [14/15], Complete [45/63], Loss: 0.0684
[2025-04-23 23:01:54] Epoch [14/15], Complete [50/63], Loss: 0.0400
[2025-04-23 23:01:58] Epoch [14/15], Complete [55/63], Loss: 0.0495
[2025-04-23 23:02:02] Epoch [14/15], Complete [60/63], Loss: 0.0433

🎯 Sentiment Classification (情感识别)
Accuracy: 0.6886543535620053
Precision: 0.57044386398532
Recall: 0.5313472883984728
F1 Score: 0.5470045208145214
Confusion Matrix:
 [[ 182  251   21]
 [ 186 1507  129]
 [  19  220  138]]
[2025-04-23 23:02:15] Epoch [15/15], Complete [5/63], Loss: 0.0898
[2025-04-23 23:02:19] Epoch [15/15], Complete [10/63], Loss: 0.1101
[2025-04-23 23:02:23] Epoch [15/15], Complete [15/63], Loss: 0.0622
[2025-04-23 23:02:27] Epoch [15/15], Complete [20/63], Loss: 0.0543
[2025-04-23 23:02:32] Epoch [15/15], Complete [25/63], Loss: 0.0581
[2025-04-23 23:02:36] Epoch [15/15], Complete [30/63], Loss: 0.0332
[2025-04-23 23:02:40] Epoch [15/15], Complete [35/63], Loss: 0.0696
[2025-04-23 23:02:44] Epoch [15/15], Complete [40/63], Loss: 0.0807
[2025-04-23 23:02:48] Epoch [15/15], Complete [45/63], Loss: 0.0484
[2025-04-23 23:02:53] Epoch [15/15], Complete [50/63], Loss: 0.0379
[2025-04-23 23:02:57] Epoch [15/15], Complete [55/63], Loss: 0.0260
[2025-04-23 23:03:01] Epoch [15/15], Complete [60/63], Loss: 0.0383

🎯 Sentiment Classification (情感识别)
Accuracy: 0.6909159442140973
Precision: 0.5747935527281625
Recall: 0.5439644875792735
F1 Score: 0.5568497906447062
Confusion Matrix:
 [[ 180  254   20]
 [ 166 1497  159]
 [  20  201  156]]
📁 创建目录成功: plots
