[2025-04-23 23:03:18] 开始训练
config: device=cuda, lr=1e-05, epochs=15, batch_size=128, task=topic, max_len=128, weight_decay=1e-05
[2025-04-23 23:03:23] Epoch [1/15], Complete [5/63], Loss: 0.5976
[2025-04-23 23:03:27] Epoch [1/15], Complete [10/63], Loss: 0.5289
[2025-04-23 23:03:31] Epoch [1/15], Complete [15/63], Loss: 0.4981
[2025-04-23 23:03:36] Epoch [1/15], Complete [20/63], Loss: 0.4420
[2025-04-23 23:03:40] Epoch [1/15], Complete [25/63], Loss: 0.4416
[2025-04-23 23:03:44] Epoch [1/15], Complete [30/63], Loss: 0.4208
[2025-04-23 23:03:48] Epoch [1/15], Complete [35/63], Loss: 0.3955
[2025-04-23 23:03:52] Epoch [1/15], Complete [40/63], Loss: 0.3877
[2025-04-23 23:03:57] Epoch [1/15], Complete [45/63], Loss: 0.3796
[2025-04-23 23:04:01] Epoch [1/15], Complete [50/63], Loss: 0.3862
[2025-04-23 23:04:05] Epoch [1/15], Complete [55/63], Loss: 0.3376
[2025-04-23 23:04:09] Epoch [1/15], Complete [60/63], Loss: 0.3514

📚 Topic Classification (主题识别)
Accuracy: 0.18545043347154166
Precision: 0.07764060356652949
Recall: 0.06979038224414304
F1 Score: 0.0735064935064935
[2025-04-23 23:04:22] Epoch [2/15], Complete [5/63], Loss: 0.3330
[2025-04-23 23:04:26] Epoch [2/15], Complete [10/63], Loss: 0.3338
[2025-04-23 23:04:31] Epoch [2/15], Complete [15/63], Loss: 0.3083
[2025-04-23 23:04:35] Epoch [2/15], Complete [20/63], Loss: 0.3025
[2025-04-23 23:04:39] Epoch [2/15], Complete [25/63], Loss: 0.2997
[2025-04-23 23:04:43] Epoch [2/15], Complete [30/63], Loss: 0.2769
[2025-04-23 23:04:47] Epoch [2/15], Complete [35/63], Loss: 0.2794
[2025-04-23 23:04:52] Epoch [2/15], Complete [40/63], Loss: 0.2753
[2025-04-23 23:04:56] Epoch [2/15], Complete [45/63], Loss: 0.2592
[2025-04-23 23:05:00] Epoch [2/15], Complete [50/63], Loss: 0.2592
[2025-04-23 23:05:04] Epoch [2/15], Complete [55/63], Loss: 0.2325
[2025-04-23 23:05:08] Epoch [2/15], Complete [60/63], Loss: 0.2409

📚 Topic Classification (主题识别)
Accuracy: 0.5148888051262721
Precision: 0.6640465303528287
Recall: 0.3188522348573267
F1 Score: 0.3612282173235442
[2025-04-23 23:05:21] Epoch [3/15], Complete [5/63], Loss: 0.2204
[2025-04-23 23:05:25] Epoch [3/15], Complete [10/63], Loss: 0.2304
[2025-04-23 23:05:30] Epoch [3/15], Complete [15/63], Loss: 0.2146
[2025-04-23 23:05:34] Epoch [3/15], Complete [20/63], Loss: 0.2055
[2025-04-23 23:05:38] Epoch [3/15], Complete [25/63], Loss: 0.2023
[2025-04-23 23:05:42] Epoch [3/15], Complete [30/63], Loss: 0.2048
[2025-04-23 23:05:46] Epoch [3/15], Complete [35/63], Loss: 0.1998
[2025-04-23 23:05:51] Epoch [3/15], Complete [40/63], Loss: 0.1753
[2025-04-23 23:05:55] Epoch [3/15], Complete [45/63], Loss: 0.1948
[2025-04-23 23:05:59] Epoch [3/15], Complete [50/63], Loss: 0.1832
[2025-04-23 23:06:03] Epoch [3/15], Complete [55/63], Loss: 0.1890
[2025-04-23 23:06:07] Epoch [3/15], Complete [60/63], Loss: 0.1898

📚 Topic Classification (主题识别)
Accuracy: 0.7719562759140596
Precision: 0.9260914207544847
Recall: 0.7014599771276288
F1 Score: 0.7857797454342321
[2025-04-23 23:06:20] Epoch [4/15], Complete [5/63], Loss: 0.1690
[2025-04-23 23:06:25] Epoch [4/15], Complete [10/63], Loss: 0.1649
[2025-04-23 23:06:29] Epoch [4/15], Complete [15/63], Loss: 0.1728
[2025-04-23 23:06:33] Epoch [4/15], Complete [20/63], Loss: 0.1554
[2025-04-23 23:06:37] Epoch [4/15], Complete [25/63], Loss: 0.1660
[2025-04-23 23:06:41] Epoch [4/15], Complete [30/63], Loss: 0.1536
[2025-04-23 23:06:45] Epoch [4/15], Complete [35/63], Loss: 0.1668
[2025-04-23 23:06:50] Epoch [4/15], Complete [40/63], Loss: 0.1665
[2025-04-23 23:06:54] Epoch [4/15], Complete [45/63], Loss: 0.1569
[2025-04-23 23:06:58] Epoch [4/15], Complete [50/63], Loss: 0.1795
[2025-04-23 23:07:02] Epoch [4/15], Complete [55/63], Loss: 0.1468
[2025-04-23 23:07:06] Epoch [4/15], Complete [60/63], Loss: 0.1489

📚 Topic Classification (主题识别)
Accuracy: 0.8058801356954391
Precision: 0.9135954412428371
Recall: 0.77183694052026
F1 Score: 0.8333745167525206
[2025-04-23 23:07:20] Epoch [5/15], Complete [5/63], Loss: 0.1510
[2025-04-23 23:07:24] Epoch [5/15], Complete [10/63], Loss: 0.1496
[2025-04-23 23:07:28] Epoch [5/15], Complete [15/63], Loss: 0.1196
[2025-04-23 23:07:32] Epoch [5/15], Complete [20/63], Loss: 0.1410
[2025-04-23 23:07:36] Epoch [5/15], Complete [25/63], Loss: 0.1325
[2025-04-23 23:07:41] Epoch [5/15], Complete [30/63], Loss: 0.1374
[2025-04-23 23:07:45] Epoch [5/15], Complete [35/63], Loss: 0.1409
[2025-04-23 23:07:49] Epoch [5/15], Complete [40/63], Loss: 0.1150
[2025-04-23 23:07:53] Epoch [5/15], Complete [45/63], Loss: 0.1298
[2025-04-23 23:07:57] Epoch [5/15], Complete [50/63], Loss: 0.1319
[2025-04-23 23:08:02] Epoch [5/15], Complete [55/63], Loss: 0.1443
[2025-04-23 23:08:06] Epoch [5/15], Complete [60/63], Loss: 0.1219

📚 Topic Classification (主题识别)
Accuracy: 0.8337730870712401
Precision: 0.9074301211145949
Recall: 0.8315547158707977
F1 Score: 0.8666391112119121
[2025-04-23 23:08:19] Epoch [6/15], Complete [5/63], Loss: 0.1205
[2025-04-23 23:08:23] Epoch [6/15], Complete [10/63], Loss: 0.1214
[2025-04-23 23:08:27] Epoch [6/15], Complete [15/63], Loss: 0.1324
[2025-04-23 23:08:31] Epoch [6/15], Complete [20/63], Loss: 0.1327
[2025-04-23 23:08:35] Epoch [6/15], Complete [25/63], Loss: 0.1046
[2025-04-23 23:08:40] Epoch [6/15], Complete [30/63], Loss: 0.1197
[2025-04-23 23:08:44] Epoch [6/15], Complete [35/63], Loss: 0.1107
[2025-04-23 23:08:48] Epoch [6/15], Complete [40/63], Loss: 0.1286
[2025-04-23 23:08:52] Epoch [6/15], Complete [45/63], Loss: 0.1180
[2025-04-23 23:08:57] Epoch [6/15], Complete [50/63], Loss: 0.1071
[2025-04-23 23:09:01] Epoch [6/15], Complete [55/63], Loss: 0.1281
[2025-04-23 23:09:05] Epoch [6/15], Complete [60/63], Loss: 0.1229

📚 Topic Classification (主题识别)
Accuracy: 0.8352808141726348
Precision: 0.893064367104067
Recall: 0.8670551151126246
F1 Score: 0.8789272713663593
[2025-04-23 23:09:18] Epoch [7/15], Complete [5/63], Loss: 0.1038
[2025-04-23 23:09:22] Epoch [7/15], Complete [10/63], Loss: 0.1234
[2025-04-23 23:09:27] Epoch [7/15], Complete [15/63], Loss: 0.1001
[2025-04-23 23:09:31] Epoch [7/15], Complete [20/63], Loss: 0.1147
[2025-04-23 23:09:35] Epoch [7/15], Complete [25/63], Loss: 0.1144
[2025-04-23 23:09:39] Epoch [7/15], Complete [30/63], Loss: 0.1122
[2025-04-23 23:09:43] Epoch [7/15], Complete [35/63], Loss: 0.0886
[2025-04-23 23:09:48] Epoch [7/15], Complete [40/63], Loss: 0.0993
[2025-04-23 23:09:52] Epoch [7/15], Complete [45/63], Loss: 0.1084
[2025-04-23 23:09:56] Epoch [7/15], Complete [50/63], Loss: 0.1221
[2025-04-23 23:10:00] Epoch [7/15], Complete [55/63], Loss: 0.1161
[2025-04-23 23:10:04] Epoch [7/15], Complete [60/63], Loss: 0.1010

📚 Topic Classification (主题识别)
Accuracy: 0.837165473049378
Precision: 0.9006990379839378
Recall: 0.8534296657702649
F1 Score: 0.8756539257883231
[2025-04-23 23:10:17] Epoch [8/15], Complete [5/63], Loss: 0.0965
[2025-04-23 23:10:22] Epoch [8/15], Complete [10/63], Loss: 0.0974
[2025-04-23 23:10:26] Epoch [8/15], Complete [15/63], Loss: 0.0953
[2025-04-23 23:10:30] Epoch [8/15], Complete [20/63], Loss: 0.0969
[2025-04-23 23:10:34] Epoch [8/15], Complete [25/63], Loss: 0.1045
[2025-04-23 23:10:38] Epoch [8/15], Complete [30/63], Loss: 0.0966
[2025-04-23 23:10:43] Epoch [8/15], Complete [35/63], Loss: 0.0892
[2025-04-23 23:10:47] Epoch [8/15], Complete [40/63], Loss: 0.1119
[2025-04-23 23:10:51] Epoch [8/15], Complete [45/63], Loss: 0.1015
[2025-04-23 23:10:55] Epoch [8/15], Complete [50/63], Loss: 0.1042
[2025-04-23 23:11:00] Epoch [8/15], Complete [55/63], Loss: 0.1162
[2025-04-23 23:11:04] Epoch [8/15], Complete [60/63], Loss: 0.0861

📚 Topic Classification (主题识别)
Accuracy: 0.841688654353562
Precision: 0.8929915363529272
Recall: 0.8720844765007063
F1 Score: 0.8812931532524614
[2025-04-23 23:11:17] Epoch [9/15], Complete [5/63], Loss: 0.1059
[2025-04-23 23:11:21] Epoch [9/15], Complete [10/63], Loss: 0.0797
[2025-04-23 23:11:25] Epoch [9/15], Complete [15/63], Loss: 0.0871
[2025-04-23 23:11:29] Epoch [9/15], Complete [20/63], Loss: 0.0965
[2025-04-23 23:11:34] Epoch [9/15], Complete [25/63], Loss: 0.0810
[2025-04-23 23:11:38] Epoch [9/15], Complete [30/63], Loss: 0.1077
[2025-04-23 23:11:42] Epoch [9/15], Complete [35/63], Loss: 0.0934
[2025-04-23 23:11:46] Epoch [9/15], Complete [40/63], Loss: 0.0887
[2025-04-23 23:11:51] Epoch [9/15], Complete [45/63], Loss: 0.0896
[2025-04-23 23:11:55] Epoch [9/15], Complete [50/63], Loss: 0.0819
[2025-04-23 23:11:59] Epoch [9/15], Complete [55/63], Loss: 0.0949
[2025-04-23 23:12:03] Epoch [9/15], Complete [60/63], Loss: 0.1083

📚 Topic Classification (主题识别)
Accuracy: 0.8413117225782133
Precision: 0.8917587054945537
Recall: 0.8702021443208656
F1 Score: 0.8796608661960741
[2025-04-23 23:12:16] Epoch [10/15], Complete [5/63], Loss: 0.0833
[2025-04-23 23:12:20] Epoch [10/15], Complete [10/63], Loss: 0.0786
[2025-04-23 23:12:24] Epoch [10/15], Complete [15/63], Loss: 0.0856
[2025-04-23 23:12:29] Epoch [10/15], Complete [20/63], Loss: 0.0816
[2025-04-23 23:12:33] Epoch [10/15], Complete [25/63], Loss: 0.0845
[2025-04-23 23:12:37] Epoch [10/15], Complete [30/63], Loss: 0.0794
[2025-04-23 23:12:41] Epoch [10/15], Complete [35/63], Loss: 0.0743
[2025-04-23 23:12:45] Epoch [10/15], Complete [40/63], Loss: 0.0841
[2025-04-23 23:12:50] Epoch [10/15], Complete [45/63], Loss: 0.0811
[2025-04-23 23:12:54] Epoch [10/15], Complete [50/63], Loss: 0.0742
[2025-04-23 23:12:58] Epoch [10/15], Complete [55/63], Loss: 0.0821
[2025-04-23 23:13:02] Epoch [10/15], Complete [60/63], Loss: 0.0867

📚 Topic Classification (主题识别)
Accuracy: 0.8367885412740294
Precision: 0.8827870185769138
Recall: 0.8831346316809382
F1 Score: 0.8820340614428579
[2025-04-23 23:13:15] Epoch [11/15], Complete [5/63], Loss: 0.0852
[2025-04-23 23:13:19] Epoch [11/15], Complete [10/63], Loss: 0.0874
[2025-04-23 23:13:24] Epoch [11/15], Complete [15/63], Loss: 0.0938
[2025-04-23 23:13:28] Epoch [11/15], Complete [20/63], Loss: 0.0699
[2025-04-23 23:13:32] Epoch [11/15], Complete [25/63], Loss: 0.0778
[2025-04-23 23:13:36] Epoch [11/15], Complete [30/63], Loss: 0.0793
[2025-04-23 23:13:40] Epoch [11/15], Complete [35/63], Loss: 0.0942
[2025-04-23 23:13:44] Epoch [11/15], Complete [40/63], Loss: 0.0794
[2025-04-23 23:13:49] Epoch [11/15], Complete [45/63], Loss: 0.0775
[2025-04-23 23:13:53] Epoch [11/15], Complete [50/63], Loss: 0.0699
[2025-04-23 23:13:57] Epoch [11/15], Complete [55/63], Loss: 0.0857
[2025-04-23 23:14:01] Epoch [11/15], Complete [60/63], Loss: 0.0769

📚 Topic Classification (主题识别)
Accuracy: 0.83942706370147
Precision: 0.879123340137417
Recall: 0.8825731844627895
F1 Score: 0.8791570372512065
[2025-04-23 23:14:14] Epoch [12/15], Complete [5/63], Loss: 0.0694
[2025-04-23 23:14:18] Epoch [12/15], Complete [10/63], Loss: 0.0593
[2025-04-23 23:14:23] Epoch [12/15], Complete [15/63], Loss: 0.0672
[2025-04-23 23:14:27] Epoch [12/15], Complete [20/63], Loss: 0.0587
[2025-04-23 23:14:31] Epoch [12/15], Complete [25/63], Loss: 0.0647
[2025-04-23 23:14:35] Epoch [12/15], Complete [30/63], Loss: 0.0733
[2025-04-23 23:14:39] Epoch [12/15], Complete [35/63], Loss: 0.0724
[2025-04-23 23:14:44] Epoch [12/15], Complete [40/63], Loss: 0.0602
[2025-04-23 23:14:48] Epoch [12/15], Complete [45/63], Loss: 0.0721
[2025-04-23 23:14:52] Epoch [12/15], Complete [50/63], Loss: 0.0850
[2025-04-23 23:14:56] Epoch [12/15], Complete [55/63], Loss: 0.0571
[2025-04-23 23:15:00] Epoch [12/15], Complete [60/63], Loss: 0.1108

📚 Topic Classification (主题识别)
Accuracy: 0.8431963814549567
Precision: 0.8797571130977329
Recall: 0.8919727162226128
F1 Score: 0.8848872366061492
[2025-04-23 23:15:14] Epoch [13/15], Complete [5/63], Loss: 0.0640
[2025-04-23 23:15:18] Epoch [13/15], Complete [10/63], Loss: 0.0638
[2025-04-23 23:15:22] Epoch [13/15], Complete [15/63], Loss: 0.0531
[2025-04-23 23:15:26] Epoch [13/15], Complete [20/63], Loss: 0.0859
[2025-04-23 23:15:30] Epoch [13/15], Complete [25/63], Loss: 0.0687
[2025-04-23 23:15:35] Epoch [13/15], Complete [30/63], Loss: 0.0722
[2025-04-23 23:15:39] Epoch [13/15], Complete [35/63], Loss: 0.0727
[2025-04-23 23:15:43] Epoch [13/15], Complete [40/63], Loss: 0.0640
[2025-04-23 23:15:47] Epoch [13/15], Complete [45/63], Loss: 0.0702
[2025-04-23 23:15:51] Epoch [13/15], Complete [50/63], Loss: 0.0606
[2025-04-23 23:15:56] Epoch [13/15], Complete [55/63], Loss: 0.0655
[2025-04-23 23:16:00] Epoch [13/15], Complete [60/63], Loss: 0.0725

📚 Topic Classification (主题识别)
Accuracy: 0.8375424048247267
Precision: 0.8801873391258281
Recall: 0.8910476580914226
F1 Score: 0.8847193923500285
[2025-04-23 23:16:13] Epoch [14/15], Complete [5/63], Loss: 0.0518
[2025-04-23 23:16:17] Epoch [14/15], Complete [10/63], Loss: 0.0641
[2025-04-23 23:16:21] Epoch [14/15], Complete [15/63], Loss: 0.0628
[2025-04-23 23:16:25] Epoch [14/15], Complete [20/63], Loss: 0.0694
[2025-04-23 23:16:30] Epoch [14/15], Complete [25/63], Loss: 0.0655
[2025-04-23 23:16:34] Epoch [14/15], Complete [30/63], Loss: 0.0645
[2025-04-23 23:16:38] Epoch [14/15], Complete [35/63], Loss: 0.0737
[2025-04-23 23:16:42] Epoch [14/15], Complete [40/63], Loss: 0.0749
[2025-04-23 23:16:46] Epoch [14/15], Complete [45/63], Loss: 0.0662
[2025-04-23 23:16:51] Epoch [14/15], Complete [50/63], Loss: 0.0514
[2025-04-23 23:16:55] Epoch [14/15], Complete [55/63], Loss: 0.0584
[2025-04-23 23:16:59] Epoch [14/15], Complete [60/63], Loss: 0.0537

📚 Topic Classification (主题识别)
Accuracy: 0.8409347908028647
Precision: 0.8810852758969047
Recall: 0.8730015323963363
F1 Score: 0.8759855246088424
[2025-04-23 23:17:12] Epoch [15/15], Complete [5/63], Loss: 0.0521
[2025-04-23 23:17:16] Epoch [15/15], Complete [10/63], Loss: 0.0611
[2025-04-23 23:17:20] Epoch [15/15], Complete [15/63], Loss: 0.0576
[2025-04-23 23:17:25] Epoch [15/15], Complete [20/63], Loss: 0.0623
[2025-04-23 23:17:29] Epoch [15/15], Complete [25/63], Loss: 0.0756
[2025-04-23 23:17:33] Epoch [15/15], Complete [30/63], Loss: 0.0577
[2025-04-23 23:17:37] Epoch [15/15], Complete [35/63], Loss: 0.0533
[2025-04-23 23:17:41] Epoch [15/15], Complete [40/63], Loss: 0.0470
[2025-04-23 23:17:46] Epoch [15/15], Complete [45/63], Loss: 0.0610
[2025-04-23 23:17:50] Epoch [15/15], Complete [50/63], Loss: 0.0521
[2025-04-23 23:17:54] Epoch [15/15], Complete [55/63], Loss: 0.0480
[2025-04-23 23:17:58] Epoch [15/15], Complete [60/63], Loss: 0.0637

📚 Topic Classification (主题识别)
Accuracy: 0.840557859027516
Precision: 0.8806451025844988
Recall: 0.890051383106807
F1 Score: 0.8843169173560324
